# JMH version: 1.37
# VM version: JDK 21.0.6, OpenJDK 64-Bit Server VM, 21.0.6+7-LTS
# VM invoker: /Users/d.fedorenko/Library/Java/JavaVirtualMachines/corretto-21.0.6/Contents/Home/bin/java
# VM options: -Xms512m -Xmx512m -XX:+UseG1GC
# Blackhole mode: compiler (auto-detected, use -Djmh.blackhole.autoDetect=false to disable)
# Warmup: 5 iterations, 1 s each
# Measurement: 5 iterations, 1 s each
# Timeout: 10 min per iteration
# Threads: 1 thread, will synchronize iterations
# Benchmark mode: Average time, time/op
# Benchmark: com.fedrbodr.bil24.benchmark.ParserBenchmark.baseline
# Parameters: (dataset = latin)

# Run progress: 0.00% complete, ETA 00:05:00
# Fork: 1 of 3
# Warmup Iteration   1: 1610.443 ns/op
# Warmup Iteration   2: 1788.322 ns/op
# Warmup Iteration   3: 1466.373 ns/op
# Warmup Iteration   4: 1420.813 ns/op
# Warmup Iteration   5: 1418.497 ns/op
Iteration   1: 1425.846 ns/op
                 gc.alloc.rate:      3017.504 MB/sec
                 gc.alloc.rate.norm: 4512.010 B/op
                 gc.count:           10.000 counts
                 gc.time:            9.000 ms

Iteration   2: 1418.441 ns/op
                 gc.alloc.rate:      3033.232 MB/sec
                 gc.alloc.rate.norm: 4512.010 B/op
                 gc.count:           9.000 counts
                 gc.time:            8.000 ms

Iteration   3: 1413.858 ns/op
                 gc.alloc.rate:      3043.046 MB/sec
                 gc.alloc.rate.norm: 4512.010 B/op
                 gc.count:           10.000 counts
                 gc.time:            9.000 ms

Iteration   4: 1433.086 ns/op
                 gc.alloc.rate:      3002.253 MB/sec
                 gc.alloc.rate.norm: 4512.010 B/op
                 gc.count:           10.000 counts
                 gc.time:            9.000 ms

Iteration   5: 1435.330 ns/op
                 gc.alloc.rate:      2997.496 MB/sec
                 gc.alloc.rate.norm: 4512.010 B/op
                 gc.count:           10.000 counts
                 gc.time:            9.000 ms


# Run progress: 3.33% complete, ETA 00:04:56
# Fork: 2 of 3
# Warmup Iteration   1: 1576.466 ns/op
# Warmup Iteration   2: 1467.059 ns/op
# Warmup Iteration   3: 1410.506 ns/op
# Warmup Iteration   4: 1414.946 ns/op
# Warmup Iteration   5: 1425.627 ns/op
Iteration   1: 1421.207 ns/op
                 gc.alloc.rate:      3027.314 MB/sec
                 gc.alloc.rate.norm: 4512.010 B/op
                 gc.count:           10.000 counts
                 gc.time:            10.000 ms

Iteration   2: 1423.189 ns/op
                 gc.alloc.rate:      3022.005 MB/sec
                 gc.alloc.rate.norm: 4512.010 B/op
                 gc.count:           10.000 counts
                 gc.time:            9.000 ms

Iteration   3: 1423.154 ns/op
                 gc.alloc.rate:      3023.185 MB/sec
                 gc.alloc.rate.norm: 4512.010 B/op
                 gc.count:           10.000 counts
                 gc.time:            10.000 ms

Iteration   4: 1427.702 ns/op
                 gc.alloc.rate:      3013.586 MB/sec
                 gc.alloc.rate.norm: 4512.010 B/op
                 gc.count:           10.000 counts
                 gc.time:            18.000 ms

Iteration   5: 1413.397 ns/op
                 gc.alloc.rate:      3043.920 MB/sec
                 gc.alloc.rate.norm: 4512.010 B/op
                 gc.count:           10.000 counts
                 gc.time:            9.000 ms


# Run progress: 6.67% complete, ETA 00:04:45
# Fork: 3 of 3
# Warmup Iteration   1: 1883.899 ns/op
# Warmup Iteration   2: 1423.745 ns/op
# Warmup Iteration   3: 1437.236 ns/op
# Warmup Iteration   4: 1417.210 ns/op
# Warmup Iteration   5: 1418.099 ns/op
Iteration   1: 1428.079 ns/op
                 gc.alloc.rate:      3012.696 MB/sec
                 gc.alloc.rate.norm: 4512.010 B/op
                 gc.count:           10.000 counts
                 gc.time:            9.000 ms

Iteration   2: 1412.462 ns/op
                 gc.alloc.rate:      3046.047 MB/sec
                 gc.alloc.rate.norm: 4512.010 B/op
                 gc.count:           10.000 counts
                 gc.time:            10.000 ms

Iteration   3: 1406.577 ns/op
                 gc.alloc.rate:      3058.827 MB/sec
                 gc.alloc.rate.norm: 4512.010 B/op
                 gc.count:           10.000 counts
                 gc.time:            9.000 ms

Iteration   4: 1429.011 ns/op
                 gc.alloc.rate:      3010.638 MB/sec
                 gc.alloc.rate.norm: 4512.010 B/op
                 gc.count:           10.000 counts
                 gc.time:            8.000 ms

Iteration   5: 1412.867 ns/op
                 gc.alloc.rate:      3045.025 MB/sec
                 gc.alloc.rate.norm: 4512.010 B/op
                 gc.count:           10.000 counts
                 gc.time:            10.000 ms



Result "com.fedrbodr.bil24.benchmark.ParserBenchmark.baseline":
  1421.614 ±(99.9%) 9.037 ns/op [Average]
  (min, avg, max) = (1406.577, 1421.614, 1435.330), stdev = 8.453
  CI (99.9%): [1412.577, 1430.650] (assumes normal distribution)

Secondary result "com.fedrbodr.bil24.benchmark.ParserBenchmark.baseline:gc.alloc.rate":
  3026.452 ±(99.9%) 19.259 MB/sec [Average]
  (min, avg, max) = (2997.496, 3026.452, 3058.827), stdev = 18.015
  CI (99.9%): [3007.192, 3045.711] (assumes normal distribution)

Secondary result "com.fedrbodr.bil24.benchmark.ParserBenchmark.baseline:gc.alloc.rate.norm":
  4512.010 ±(99.9%) 0.001 B/op [Average]
  (min, avg, max) = (4512.010, 4512.010, 4512.010), stdev = 0.001
  CI (99.9%): [4512.010, 4512.010] (assumes normal distribution)

Secondary result "com.fedrbodr.bil24.benchmark.ParserBenchmark.baseline:gc.count":
  149.000 ±(99.9%) 0.001 counts [Sum]
  (min, avg, max) = (9.000, 9.933, 10.000), stdev = 0.258
  CI (99.9%): [149.000, 149.000] (assumes normal distribution)

Secondary result "com.fedrbodr.bil24.benchmark.ParserBenchmark.baseline:gc.time":
  146.000 ±(99.9%) 0.001 ms [Sum]
  (min, avg, max) = (8.000, 9.733, 18.000), stdev = 2.374
  CI (99.9%): [146.000, 146.000] (assumes normal distribution)


# JMH version: 1.37
# VM version: JDK 21.0.6, OpenJDK 64-Bit Server VM, 21.0.6+7-LTS
# VM invoker: /Users/d.fedorenko/Library/Java/JavaVirtualMachines/corretto-21.0.6/Contents/Home/bin/java
# VM options: -Xms512m -Xmx512m -XX:+UseG1GC
# Blackhole mode: compiler (auto-detected, use -Djmh.blackhole.autoDetect=false to disable)
# Warmup: 5 iterations, 1 s each
# Measurement: 5 iterations, 1 s each
# Timeout: 10 min per iteration
# Threads: 1 thread, will synchronize iterations
# Benchmark mode: Average time, time/op
# Benchmark: com.fedrbodr.bil24.benchmark.ParserBenchmark.baseline
# Parameters: (dataset = cyrillic)

# Run progress: 10.00% complete, ETA 00:04:35
# Fork: 1 of 3
# Warmup Iteration   1: 2140.212 ns/op
# Warmup Iteration   2: 1771.946 ns/op
# Warmup Iteration   3: 1736.905 ns/op
# Warmup Iteration   4: 1712.937 ns/op
# Warmup Iteration   5: 1726.678 ns/op
Iteration   1: 1735.917 ns/op
                 gc.alloc.rate:      3190.296 MB/sec
                 gc.alloc.rate.norm: 5808.012 B/op
                 gc.count:           10.000 counts
                 gc.time:            11.000 ms

Iteration   2: 1728.709 ns/op
                 gc.alloc.rate:      3203.471 MB/sec
                 gc.alloc.rate.norm: 5808.012 B/op
                 gc.count:           11.000 counts
                 gc.time:            13.000 ms

Iteration   3: 1738.335 ns/op
                 gc.alloc.rate:      3185.910 MB/sec
                 gc.alloc.rate.norm: 5808.012 B/op
                 gc.count:           10.000 counts
                 gc.time:            18.000 ms

Iteration   4: 1727.611 ns/op
                 gc.alloc.rate:      3205.732 MB/sec
                 gc.alloc.rate.norm: 5808.012 B/op
                 gc.count:           11.000 counts
                 gc.time:            10.000 ms

Iteration   5: 1730.772 ns/op
                 gc.alloc.rate:      3199.672 MB/sec
                 gc.alloc.rate.norm: 5808.012 B/op
                 gc.count:           11.000 counts
                 gc.time:            11.000 ms


# Run progress: 13.33% complete, ETA 00:04:25
# Fork: 2 of 3
# Warmup Iteration   1: 2117.871 ns/op
# Warmup Iteration   2: 1713.415 ns/op
# Warmup Iteration   3: 1715.213 ns/op
# Warmup Iteration   4: 1710.244 ns/op
# Warmup Iteration   5: 1724.551 ns/op
Iteration   1: 1704.125 ns/op
                 gc.alloc.rate:      3249.920 MB/sec
                 gc.alloc.rate.norm: 5808.012 B/op
                 gc.count:           11.000 counts
                 gc.time:            10.000 ms

Iteration   2: 1726.520 ns/op
                 gc.alloc.rate:      3207.705 MB/sec
                 gc.alloc.rate.norm: 5808.012 B/op
                 gc.count:           11.000 counts
                 gc.time:            9.000 ms

Iteration   3: 1705.798 ns/op
                 gc.alloc.rate:      3246.626 MB/sec
                 gc.alloc.rate.norm: 5808.012 B/op
                 gc.count:           10.000 counts
                 gc.time:            10.000 ms

Iteration   4: 1687.698 ns/op
                 gc.alloc.rate:      3281.506 MB/sec
                 gc.alloc.rate.norm: 5808.012 B/op
                 gc.count:           11.000 counts
                 gc.time:            9.000 ms

Iteration   5: 1705.090 ns/op
                 gc.alloc.rate:      3247.839 MB/sec
                 gc.alloc.rate.norm: 5808.012 B/op
                 gc.count:           11.000 counts
                 gc.time:            11.000 ms


# Run progress: 16.67% complete, ETA 00:04:15
# Fork: 3 of 3
# Warmup Iteration   1: 2085.351 ns/op
# Warmup Iteration   2: 1694.549 ns/op
# Warmup Iteration   3: 1713.790 ns/op
# Warmup Iteration   4: 1713.617 ns/op
# Warmup Iteration   5: 1751.010 ns/op
Iteration   1: 1705.107 ns/op
                 gc.alloc.rate:      3248.015 MB/sec
                 gc.alloc.rate.norm: 5808.012 B/op
                 gc.count:           10.000 counts
                 gc.time:            9.000 ms

Iteration   2: 1707.641 ns/op
                 gc.alloc.rate:      3243.208 MB/sec
                 gc.alloc.rate.norm: 5808.012 B/op
                 gc.count:           11.000 counts
                 gc.time:            10.000 ms

Iteration   3: 1720.208 ns/op
                 gc.alloc.rate:      3219.567 MB/sec
                 gc.alloc.rate.norm: 5808.012 B/op
                 gc.count:           11.000 counts
                 gc.time:            10.000 ms

Iteration   4: 1720.844 ns/op
                 gc.alloc.rate:      3218.273 MB/sec
                 gc.alloc.rate.norm: 5808.012 B/op
                 gc.count:           10.000 counts
                 gc.time:            9.000 ms

Iteration   5: 1710.290 ns/op
                 gc.alloc.rate:      3238.041 MB/sec
                 gc.alloc.rate.norm: 5808.012 B/op
                 gc.count:           11.000 counts
                 gc.time:            10.000 ms



Result "com.fedrbodr.bil24.benchmark.ParserBenchmark.baseline":
  1716.978 ±(99.9%) 15.476 ns/op [Average]
  (min, avg, max) = (1687.698, 1716.978, 1738.335), stdev = 14.476
  CI (99.9%): [1701.502, 1732.454] (assumes normal distribution)

Secondary result "com.fedrbodr.bil24.benchmark.ParserBenchmark.baseline:gc.alloc.rate":
  3225.719 ±(99.9%) 29.151 MB/sec [Average]
  (min, avg, max) = (3185.910, 3225.719, 3281.506), stdev = 27.268
  CI (99.9%): [3196.568, 3254.870] (assumes normal distribution)

Secondary result "com.fedrbodr.bil24.benchmark.ParserBenchmark.baseline:gc.alloc.rate.norm":
  5808.012 ±(99.9%) 0.001 B/op [Average]
  (min, avg, max) = (5808.012, 5808.012, 5808.012), stdev = 0.001
  CI (99.9%): [5808.012, 5808.012] (assumes normal distribution)

Secondary result "com.fedrbodr.bil24.benchmark.ParserBenchmark.baseline:gc.count":
  160.000 ±(99.9%) 0.001 counts [Sum]
  (min, avg, max) = (10.000, 10.667, 11.000), stdev = 0.488
  CI (99.9%): [160.000, 160.000] (assumes normal distribution)

Secondary result "com.fedrbodr.bil24.benchmark.ParserBenchmark.baseline:gc.time":
  160.000 ±(99.9%) 0.001 ms [Sum]
  (min, avg, max) = (9.000, 10.667, 18.000), stdev = 2.289
  CI (99.9%): [160.000, 160.000] (assumes normal distribution)


# JMH version: 1.37
# VM version: JDK 21.0.6, OpenJDK 64-Bit Server VM, 21.0.6+7-LTS
# VM invoker: /Users/d.fedorenko/Library/Java/JavaVirtualMachines/corretto-21.0.6/Contents/Home/bin/java
# VM options: -Xms512m -Xmx512m -XX:+UseG1GC
# Blackhole mode: compiler (auto-detected, use -Djmh.blackhole.autoDetect=false to disable)
# Warmup: 5 iterations, 1 s each
# Measurement: 5 iterations, 1 s each
# Timeout: 10 min per iteration
# Threads: 1 thread, will synchronize iterations
# Benchmark mode: Average time, time/op
# Benchmark: com.fedrbodr.bil24.benchmark.ParserBenchmark.baseline
# Parameters: (dataset = noSectorName)

# Run progress: 20.00% complete, ETA 00:04:04
# Fork: 1 of 3
# Warmup Iteration   1: 2470.140 ns/op
# Warmup Iteration   2: 2000.793 ns/op
# Warmup Iteration   3: 2014.357 ns/op
# Warmup Iteration   4: 2002.869 ns/op
# Warmup Iteration   5: 1998.095 ns/op
Iteration   1: 2004.061 ns/op
                 gc.alloc.rate:      2146.880 MB/sec
                 gc.alloc.rate.norm: 4512.014 B/op
                 gc.count:           7.000 counts
                 gc.time:            6.000 ms

Iteration   2: 1999.084 ns/op
                 gc.alloc.rate:      2152.223 MB/sec
                 gc.alloc.rate.norm: 4512.014 B/op
                 gc.count:           7.000 counts
                 gc.time:            6.000 ms

Iteration   3: 2003.933 ns/op
                 gc.alloc.rate:      2147.022 MB/sec
                 gc.alloc.rate.norm: 4512.014 B/op
                 gc.count:           8.000 counts
                 gc.time:            8.000 ms

Iteration   4: 2000.914 ns/op
                 gc.alloc.rate:      2150.250 MB/sec
                 gc.alloc.rate.norm: 4512.014 B/op
                 gc.count:           7.000 counts
                 gc.time:            6.000 ms

Iteration   5: 1992.867 ns/op
                 gc.alloc.rate:      2158.836 MB/sec
                 gc.alloc.rate.norm: 4512.014 B/op
                 gc.count:           7.000 counts
                 gc.time:            6.000 ms


# Run progress: 23.33% complete, ETA 00:03:54
# Fork: 2 of 3
# Warmup Iteration   1: 2484.776 ns/op
# Warmup Iteration   2: 2025.273 ns/op
# Warmup Iteration   3: 2000.636 ns/op
# Warmup Iteration   4: 1992.356 ns/op
# Warmup Iteration   5: 2001.588 ns/op
Iteration   1: 1996.624 ns/op
                 gc.alloc.rate:      2154.885 MB/sec
                 gc.alloc.rate.norm: 4512.014 B/op
                 gc.count:           7.000 counts
                 gc.time:            6.000 ms

Iteration   2: 2019.940 ns/op
                 gc.alloc.rate:      2129.985 MB/sec
                 gc.alloc.rate.norm: 4512.014 B/op
                 gc.count:           7.000 counts
                 gc.time:            6.000 ms

Iteration   3: 2008.467 ns/op
                 gc.alloc.rate:      2142.184 MB/sec
                 gc.alloc.rate.norm: 4512.014 B/op
                 gc.count:           7.000 counts
                 gc.time:            6.000 ms

Iteration   4: 1993.388 ns/op
                 gc.alloc.rate:      2158.332 MB/sec
                 gc.alloc.rate.norm: 4512.014 B/op
                 gc.count:           8.000 counts
                 gc.time:            7.000 ms

Iteration   5: 2004.798 ns/op
                 gc.alloc.rate:      2145.935 MB/sec
                 gc.alloc.rate.norm: 4512.014 B/op
                 gc.count:           7.000 counts
                 gc.time:            7.000 ms


# Run progress: 26.67% complete, ETA 00:03:44
# Fork: 3 of 3
# Warmup Iteration   1: 2520.741 ns/op
# Warmup Iteration   2: 2014.290 ns/op
# Warmup Iteration   3: 1988.368 ns/op
# Warmup Iteration   4: 2005.256 ns/op
# Warmup Iteration   5: 1994.206 ns/op
Iteration   1: 1980.265 ns/op
                 gc.alloc.rate:      2172.679 MB/sec
                 gc.alloc.rate.norm: 4512.014 B/op
                 gc.count:           7.000 counts
                 gc.time:            6.000 ms

Iteration   2: 2009.614 ns/op
                 gc.alloc.rate:      2140.890 MB/sec
                 gc.alloc.rate.norm: 4512.014 B/op
                 gc.count:           7.000 counts
                 gc.time:            6.000 ms

Iteration   3: 1992.963 ns/op
                 gc.alloc.rate:      2158.814 MB/sec
                 gc.alloc.rate.norm: 4512.014 B/op
                 gc.count:           8.000 counts
                 gc.time:            7.000 ms

Iteration   4: 1993.647 ns/op
                 gc.alloc.rate:      2158.004 MB/sec
                 gc.alloc.rate.norm: 4512.014 B/op
                 gc.count:           7.000 counts
                 gc.time:            6.000 ms

Iteration   5: 2001.168 ns/op
                 gc.alloc.rate:      2149.747 MB/sec
                 gc.alloc.rate.norm: 4512.014 B/op
                 gc.count:           7.000 counts
                 gc.time:            6.000 ms



Result "com.fedrbodr.bil24.benchmark.ParserBenchmark.baseline":
  2000.116 ±(99.9%) 9.918 ns/op [Average]
  (min, avg, max) = (1980.265, 2000.116, 2019.940), stdev = 9.277
  CI (99.9%): [1990.198, 2010.033] (assumes normal distribution)

Secondary result "com.fedrbodr.bil24.benchmark.ParserBenchmark.baseline:gc.alloc.rate":
  2151.111 ±(99.9%) 10.667 MB/sec [Average]
  (min, avg, max) = (2129.985, 2151.111, 2172.679), stdev = 9.978
  CI (99.9%): [2140.444, 2161.778] (assumes normal distribution)

Secondary result "com.fedrbodr.bil24.benchmark.ParserBenchmark.baseline:gc.alloc.rate.norm":
  4512.014 ±(99.9%) 0.001 B/op [Average]
  (min, avg, max) = (4512.014, 4512.014, 4512.014), stdev = 0.001
  CI (99.9%): [4512.014, 4512.014] (assumes normal distribution)

Secondary result "com.fedrbodr.bil24.benchmark.ParserBenchmark.baseline:gc.count":
  108.000 ±(99.9%) 0.001 counts [Sum]
  (min, avg, max) = (7.000, 7.200, 8.000), stdev = 0.414
  CI (99.9%): [108.000, 108.000] (assumes normal distribution)

Secondary result "com.fedrbodr.bil24.benchmark.ParserBenchmark.baseline:gc.time":
  95.000 ±(99.9%) 0.001 ms [Sum]
  (min, avg, max) = (6.000, 6.333, 8.000), stdev = 0.617
  CI (99.9%): [95.000, 95.000] (assumes normal distribution)


# JMH version: 1.37
# VM version: JDK 21.0.6, OpenJDK 64-Bit Server VM, 21.0.6+7-LTS
# VM invoker: /Users/d.fedorenko/Library/Java/JavaVirtualMachines/corretto-21.0.6/Contents/Home/bin/java
# VM options: -Xms512m -Xmx512m -XX:+UseG1GC
# Blackhole mode: compiler (auto-detected, use -Djmh.blackhole.autoDetect=false to disable)
# Warmup: 5 iterations, 1 s each
# Measurement: 5 iterations, 1 s each
# Timeout: 10 min per iteration
# Threads: 1 thread, will synchronize iterations
# Benchmark mode: Average time, time/op
# Benchmark: com.fedrbodr.bil24.benchmark.ParserBenchmark.baseline
# Parameters: (dataset = invalid)

# Run progress: 30.00% complete, ETA 00:03:34
# Fork: 1 of 3
# Warmup Iteration   1: 5480.764 ns/op
# Warmup Iteration   2: 4951.690 ns/op
# Warmup Iteration   3: 4899.297 ns/op
# Warmup Iteration   4: 4997.167 ns/op
# Warmup Iteration   5: 4897.117 ns/op
Iteration   1: 4860.354 ns/op
                 gc.alloc.rate:      736.099 MB/sec
                 gc.alloc.rate.norm: 3752.034 B/op
                 gc.count:           2.000 counts
                 gc.time:            2.000 ms

Iteration   2: 4932.231 ns/op
                 gc.alloc.rate:      725.393 MB/sec
                 gc.alloc.rate.norm: 3752.034 B/op
                 gc.count:           3.000 counts
                 gc.time:            3.000 ms

Iteration   3: 4929.552 ns/op
                 gc.alloc.rate:      725.767 MB/sec
                 gc.alloc.rate.norm: 3752.034 B/op
                 gc.count:           2.000 counts
                 gc.time:            2.000 ms

Iteration   4: 4958.962 ns/op
                 gc.alloc.rate:      721.449 MB/sec
                 gc.alloc.rate.norm: 3752.034 B/op
                 gc.count:           3.000 counts
                 gc.time:            2.000 ms

Iteration   5: 4947.860 ns/op
                 gc.alloc.rate:      723.077 MB/sec
                 gc.alloc.rate.norm: 3752.034 B/op
                 gc.count:           2.000 counts
                 gc.time:            2.000 ms


# Run progress: 33.33% complete, ETA 00:03:23
# Fork: 2 of 3
# Warmup Iteration   1: 5524.055 ns/op
# Warmup Iteration   2: 5010.398 ns/op
# Warmup Iteration   3: 4987.301 ns/op
# Warmup Iteration   4: 4987.712 ns/op
# Warmup Iteration   5: 5030.905 ns/op
Iteration   1: 4959.845 ns/op
                 gc.alloc.rate:      721.163 MB/sec
                 gc.alloc.rate.norm: 3752.034 B/op
                 gc.count:           2.000 counts
                 gc.time:            2.000 ms

Iteration   2: 5107.956 ns/op
                 gc.alloc.rate:      700.444 MB/sec
                 gc.alloc.rate.norm: 3752.035 B/op
                 gc.count:           3.000 counts
                 gc.time:            3.000 ms

Iteration   3: 4961.983 ns/op
                 gc.alloc.rate:      721.029 MB/sec
                 gc.alloc.rate.norm: 3752.034 B/op
                 gc.count:           2.000 counts
                 gc.time:            2.000 ms

Iteration   4: 4993.169 ns/op
                 gc.alloc.rate:      716.512 MB/sec
                 gc.alloc.rate.norm: 3752.034 B/op
                 gc.count:           2.000 counts
                 gc.time:            2.000 ms

Iteration   5: 5125.811 ns/op
                 gc.alloc.rate:      697.972 MB/sec
                 gc.alloc.rate.norm: 3752.036 B/op
                 gc.count:           3.000 counts
                 gc.time:            3.000 ms


# Run progress: 36.67% complete, ETA 00:03:13
# Fork: 3 of 3
# Warmup Iteration   1: 5743.311 ns/op
# Warmup Iteration   2: 4997.934 ns/op
# Warmup Iteration   3: 4985.463 ns/op
# Warmup Iteration   4: 4978.606 ns/op
# Warmup Iteration   5: 4999.391 ns/op
Iteration   1: 4975.013 ns/op
                 gc.alloc.rate:      719.111 MB/sec
                 gc.alloc.rate.norm: 3752.034 B/op
                 gc.count:           2.000 counts
                 gc.time:            2.000 ms

Iteration   2: 4999.366 ns/op
                 gc.alloc.rate:      715.635 MB/sec
                 gc.alloc.rate.norm: 3752.035 B/op
                 gc.count:           3.000 counts
                 gc.time:            3.000 ms

Iteration   3: 4976.135 ns/op
                 gc.alloc.rate:      718.998 MB/sec
                 gc.alloc.rate.norm: 3752.034 B/op
                 gc.count:           2.000 counts
                 gc.time:            2.000 ms

Iteration   4: 4957.539 ns/op
                 gc.alloc.rate:      721.642 MB/sec
                 gc.alloc.rate.norm: 3752.034 B/op
                 gc.count:           2.000 counts
                 gc.time:            2.000 ms

Iteration   5: 4991.546 ns/op
                 gc.alloc.rate:      716.742 MB/sec
                 gc.alloc.rate.norm: 3752.034 B/op
                 gc.count:           3.000 counts
                 gc.time:            3.000 ms



Result "com.fedrbodr.bil24.benchmark.ParserBenchmark.baseline":
  4978.488 ±(99.9%) 70.088 ns/op [Average]
  (min, avg, max) = (4860.354, 4978.488, 5125.811), stdev = 65.560
  CI (99.9%): [4908.400, 5048.576] (assumes normal distribution)

Secondary result "com.fedrbodr.bil24.benchmark.ParserBenchmark.baseline:gc.alloc.rate":
  718.736 ±(99.9%) 10.002 MB/sec [Average]
  (min, avg, max) = (697.972, 718.736, 736.099), stdev = 9.356
  CI (99.9%): [708.733, 728.738] (assumes normal distribution)

Secondary result "com.fedrbodr.bil24.benchmark.ParserBenchmark.baseline:gc.alloc.rate.norm":
  3752.034 ±(99.9%) 0.001 B/op [Average]
  (min, avg, max) = (3752.034, 3752.034, 3752.036), stdev = 0.001
  CI (99.9%): [3752.034, 3752.035] (assumes normal distribution)

Secondary result "com.fedrbodr.bil24.benchmark.ParserBenchmark.baseline:gc.count":
  36.000 ±(99.9%) 0.001 counts [Sum]
  (min, avg, max) = (2.000, 2.400, 3.000), stdev = 0.507
  CI (99.9%): [36.000, 36.000] (assumes normal distribution)

Secondary result "com.fedrbodr.bil24.benchmark.ParserBenchmark.baseline:gc.time":
  35.000 ±(99.9%) 0.001 ms [Sum]
  (min, avg, max) = (2.000, 2.333, 3.000), stdev = 0.488
  CI (99.9%): [35.000, 35.000] (assumes normal distribution)


# JMH version: 1.37
# VM version: JDK 21.0.6, OpenJDK 64-Bit Server VM, 21.0.6+7-LTS
# VM invoker: /Users/d.fedorenko/Library/Java/JavaVirtualMachines/corretto-21.0.6/Contents/Home/bin/java
# VM options: -Xms512m -Xmx512m -XX:+UseG1GC
# Blackhole mode: compiler (auto-detected, use -Djmh.blackhole.autoDetect=false to disable)
# Warmup: 5 iterations, 1 s each
# Measurement: 5 iterations, 1 s each
# Timeout: 10 min per iteration
# Threads: 1 thread, will synchronize iterations
# Benchmark mode: Average time, time/op
# Benchmark: com.fedrbodr.bil24.benchmark.ParserBenchmark.baseline
# Parameters: (dataset = repeatedMarkers)

# Run progress: 40.00% complete, ETA 00:03:03
# Fork: 1 of 3
# Warmup Iteration   1: 1721.380 ns/op
# Warmup Iteration   2: 1358.968 ns/op
# Warmup Iteration   3: 1343.656 ns/op
# Warmup Iteration   4: 1340.969 ns/op
# Warmup Iteration   5: 1353.747 ns/op
Iteration   1: 2150.271 ns/op
                 gc.alloc.rate:      2018.324 MB/sec
                 gc.alloc.rate.norm: 4552.015 B/op
                 gc.count:           7.000 counts
                 gc.time:            7.000 ms

Iteration   2: 1756.667 ns/op
                 gc.alloc.rate:      2470.926 MB/sec
                 gc.alloc.rate.norm: 4552.012 B/op
                 gc.count:           8.000 counts
                 gc.time:            9.000 ms

Iteration   3: 1384.520 ns/op
                 gc.alloc.rate:      3135.086 MB/sec
                 gc.alloc.rate.norm: 4552.010 B/op
                 gc.count:           10.000 counts
                 gc.time:            20.000 ms

Iteration   4: 1369.920 ns/op
                 gc.alloc.rate:      3168.481 MB/sec
                 gc.alloc.rate.norm: 4552.009 B/op
                 gc.count:           10.000 counts
                 gc.time:            21.000 ms

Iteration   5: 1395.745 ns/op
                 gc.alloc.rate:      3109.752 MB/sec
                 gc.alloc.rate.norm: 4552.010 B/op
                 gc.count:           11.000 counts
                 gc.time:            20.000 ms


# Run progress: 43.33% complete, ETA 00:02:53
# Fork: 2 of 3
# Warmup Iteration   1: 1721.145 ns/op
# Warmup Iteration   2: 1363.116 ns/op
# Warmup Iteration   3: 1381.401 ns/op
# Warmup Iteration   4: 1358.004 ns/op
# Warmup Iteration   5: 1356.084 ns/op
Iteration   1: 1353.183 ns/op
                 gc.alloc.rate:      3207.644 MB/sec
                 gc.alloc.rate.norm: 4552.009 B/op
                 gc.count:           10.000 counts
                 gc.time:            11.000 ms

Iteration   2: 1392.251 ns/op
                 gc.alloc.rate:      3117.285 MB/sec
                 gc.alloc.rate.norm: 4552.010 B/op
                 gc.count:           10.000 counts
                 gc.time:            9.000 ms

Iteration   3: 1378.976 ns/op
                 gc.alloc.rate:      3147.624 MB/sec
                 gc.alloc.rate.norm: 4552.010 B/op
                 gc.count:           11.000 counts
                 gc.time:            12.000 ms

Iteration   4: 1360.353 ns/op
                 gc.alloc.rate:      3190.799 MB/sec
                 gc.alloc.rate.norm: 4552.009 B/op
                 gc.count:           10.000 counts
                 gc.time:            10.000 ms

Iteration   5: 1368.091 ns/op
                 gc.alloc.rate:      3172.556 MB/sec
                 gc.alloc.rate.norm: 4552.009 B/op
                 gc.count:           11.000 counts
                 gc.time:            10.000 ms


# Run progress: 46.67% complete, ETA 00:02:43
# Fork: 3 of 3
# Warmup Iteration   1: 1731.410 ns/op
# Warmup Iteration   2: 1365.837 ns/op
# Warmup Iteration   3: 1369.308 ns/op
# Warmup Iteration   4: 1365.914 ns/op
# Warmup Iteration   5: 1355.898 ns/op
Iteration   1: 1421.356 ns/op
                 gc.alloc.rate:      3053.802 MB/sec
                 gc.alloc.rate.norm: 4552.010 B/op
                 gc.count:           11.000 counts
                 gc.time:            9.000 ms

Iteration   2: 1379.644 ns/op
                 gc.alloc.rate:      3146.187 MB/sec
                 gc.alloc.rate.norm: 4552.010 B/op
                 gc.count:           10.000 counts
                 gc.time:            10.000 ms

Iteration   3: 1369.632 ns/op
                 gc.alloc.rate:      3169.125 MB/sec
                 gc.alloc.rate.norm: 4552.009 B/op
                 gc.count:           10.000 counts
                 gc.time:            8.000 ms

Iteration   4: 1366.209 ns/op
                 gc.alloc.rate:      3176.971 MB/sec
                 gc.alloc.rate.norm: 4552.009 B/op
                 gc.count:           11.000 counts
                 gc.time:            11.000 ms

Iteration   5: 1364.277 ns/op
                 gc.alloc.rate:      3181.371 MB/sec
                 gc.alloc.rate.norm: 4552.009 B/op
                 gc.count:           10.000 counts
                 gc.time:            8.000 ms



Result "com.fedrbodr.bil24.benchmark.ParserBenchmark.baseline":
  1454.073 ±(99.9%) 231.576 ns/op [Average]
  (min, avg, max) = (1353.183, 1454.073, 2150.271), stdev = 216.616
  CI (99.9%): [1222.497, 1685.649] (assumes normal distribution)

Secondary result "com.fedrbodr.bil24.benchmark.ParserBenchmark.baseline:gc.alloc.rate":
  3031.062 ±(99.9%) 355.687 MB/sec [Average]
  (min, avg, max) = (2018.324, 3031.062, 3207.644), stdev = 332.710
  CI (99.9%): [2675.375, 3386.749] (assumes normal distribution)

Secondary result "com.fedrbodr.bil24.benchmark.ParserBenchmark.baseline:gc.alloc.rate.norm":
  4552.010 ±(99.9%) 0.002 B/op [Average]
  (min, avg, max) = (4552.009, 4552.010, 4552.015), stdev = 0.001
  CI (99.9%): [4552.008, 4552.012] (assumes normal distribution)

Secondary result "com.fedrbodr.bil24.benchmark.ParserBenchmark.baseline:gc.count":
  150.000 ±(99.9%) 0.001 counts [Sum]
  (min, avg, max) = (7.000, 10.000, 11.000), stdev = 1.134
  CI (99.9%): [150.000, 150.000] (assumes normal distribution)

Secondary result "com.fedrbodr.bil24.benchmark.ParserBenchmark.baseline:gc.time":
  175.000 ±(99.9%) 0.001 ms [Sum]
  (min, avg, max) = (7.000, 11.667, 21.000), stdev = 4.670
  CI (99.9%): [175.000, 175.000] (assumes normal distribution)


# JMH version: 1.37
# VM version: JDK 21.0.6, OpenJDK 64-Bit Server VM, 21.0.6+7-LTS
# VM invoker: /Users/d.fedorenko/Library/Java/JavaVirtualMachines/corretto-21.0.6/Contents/Home/bin/java
# VM options: -Xms512m -Xmx512m -XX:+UseG1GC
# Blackhole mode: compiler (auto-detected, use -Djmh.blackhole.autoDetect=false to disable)
# Warmup: 5 iterations, 1 s each
# Measurement: 5 iterations, 1 s each
# Timeout: 10 min per iteration
# Threads: 1 thread, will synchronize iterations
# Benchmark mode: Average time, time/op
# Benchmark: com.fedrbodr.bil24.benchmark.ParserBenchmark.optimized
# Parameters: (dataset = latin)

# Run progress: 50.00% complete, ETA 00:02:32
# Fork: 1 of 3
# Warmup Iteration   1: 666.942 ns/op
# Warmup Iteration   2: 569.859 ns/op
# Warmup Iteration   3: 643.712 ns/op
# Warmup Iteration   4: 627.298 ns/op
# Warmup Iteration   5: 627.370 ns/op
Iteration   1: 622.584 ns/op
                 gc.alloc.rate:      1470.356 MB/sec
                 gc.alloc.rate.norm: 960.004 B/op
                 gc.count:           5.000 counts
                 gc.time:            7.000 ms

Iteration   2: 611.979 ns/op
                 gc.alloc.rate:      1495.784 MB/sec
                 gc.alloc.rate.norm: 960.004 B/op
                 gc.count:           5.000 counts
                 gc.time:            4.000 ms

Iteration   3: 613.107 ns/op
                 gc.alloc.rate:      1493.034 MB/sec
                 gc.alloc.rate.norm: 960.004 B/op
                 gc.count:           5.000 counts
                 gc.time:            5.000 ms

Iteration   4: 615.735 ns/op
                 gc.alloc.rate:      1486.624 MB/sec
                 gc.alloc.rate.norm: 960.004 B/op
                 gc.count:           5.000 counts
                 gc.time:            5.000 ms

Iteration   5: 629.301 ns/op
                 gc.alloc.rate:      1454.545 MB/sec
                 gc.alloc.rate.norm: 960.004 B/op
                 gc.count:           5.000 counts
                 gc.time:            5.000 ms


# Run progress: 53.33% complete, ETA 00:02:22
# Fork: 2 of 3
# Warmup Iteration   1: 628.438 ns/op
# Warmup Iteration   2: 480.621 ns/op
# Warmup Iteration   3: 605.370 ns/op
# Warmup Iteration   4: 592.771 ns/op
# Warmup Iteration   5: 595.782 ns/op
Iteration   1: 600.304 ns/op
                 gc.alloc.rate:      1524.836 MB/sec
                 gc.alloc.rate.norm: 960.004 B/op
                 gc.count:           5.000 counts
                 gc.time:            6.000 ms

Iteration   2: 595.030 ns/op
                 gc.alloc.rate:      1538.396 MB/sec
                 gc.alloc.rate.norm: 960.004 B/op
                 gc.count:           5.000 counts
                 gc.time:            5.000 ms

Iteration   3: 637.330 ns/op
                 gc.alloc.rate:      1436.185 MB/sec
                 gc.alloc.rate.norm: 960.004 B/op
                 gc.count:           4.000 counts
                 gc.time:            5.000 ms

Iteration   4: 684.067 ns/op
                 gc.alloc.rate:      1334.550 MB/sec
                 gc.alloc.rate.norm: 960.005 B/op
                 gc.count:           5.000 counts
                 gc.time:            50.000 ms

Iteration   5: 640.359 ns/op
                 gc.alloc.rate:      1429.392 MB/sec
                 gc.alloc.rate.norm: 960.004 B/op
                 gc.count:           4.000 counts
                 gc.time:            4.000 ms


# Run progress: 56.67% complete, ETA 00:02:12
# Fork: 3 of 3
# Warmup Iteration   1: 558.754 ns/op
# Warmup Iteration   2: 635.839 ns/op
# Warmup Iteration   3: 663.172 ns/op
# Warmup Iteration   4: 617.342 ns/op
# Warmup Iteration   5: 612.361 ns/op
Iteration   1: 666.051 ns/op
                 gc.alloc.rate:      1368.433 MB/sec
                 gc.alloc.rate.norm: 960.005 B/op
                 gc.count:           4.000 counts
                 gc.time:            24.000 ms

Iteration   2: 652.330 ns/op
                 gc.alloc.rate:      1366.097 MB/sec
                 gc.alloc.rate.norm: 960.005 B/op
                 gc.count:           5.000 counts
                 gc.time:            7.000 ms

Iteration   3: 521.426 ns/op
                 gc.alloc.rate:      1755.593 MB/sec
                 gc.alloc.rate.norm: 960.004 B/op
                 gc.count:           6.000 counts
                 gc.time:            7.000 ms

Iteration   4: 609.681 ns/op
                 gc.alloc.rate:      1501.455 MB/sec
                 gc.alloc.rate.norm: 960.004 B/op
                 gc.count:           5.000 counts
                 gc.time:            5.000 ms

Iteration   5: 621.401 ns/op
                 gc.alloc.rate:      1473.061 MB/sec
                 gc.alloc.rate.norm: 960.004 B/op
                 gc.count:           5.000 counts
                 gc.time:            5.000 ms



Result "com.fedrbodr.bil24.benchmark.ParserBenchmark.optimized":
  621.379 ±(99.9%) 39.401 ns/op [Average]
  (min, avg, max) = (521.426, 621.379, 684.067), stdev = 36.856
  CI (99.9%): [581.978, 660.780] (assumes normal distribution)

Secondary result "com.fedrbodr.bil24.benchmark.ParserBenchmark.optimized:gc.alloc.rate":
  1475.223 ±(99.9%) 104.512 MB/sec [Average]
  (min, avg, max) = (1334.550, 1475.223, 1755.593), stdev = 97.760
  CI (99.9%): [1370.711, 1579.735] (assumes normal distribution)

Secondary result "com.fedrbodr.bil24.benchmark.ParserBenchmark.optimized:gc.alloc.rate.norm":
  960.004 ±(99.9%) 0.001 B/op [Average]
  (min, avg, max) = (960.004, 960.004, 960.005), stdev = 0.001
  CI (99.9%): [960.004, 960.005] (assumes normal distribution)

Secondary result "com.fedrbodr.bil24.benchmark.ParserBenchmark.optimized:gc.count":
  73.000 ±(99.9%) 0.001 counts [Sum]
  (min, avg, max) = (4.000, 4.867, 6.000), stdev = 0.516
  CI (99.9%): [73.000, 73.000] (assumes normal distribution)

Secondary result "com.fedrbodr.bil24.benchmark.ParserBenchmark.optimized:gc.time":
  144.000 ±(99.9%) 0.001 ms [Sum]
  (min, avg, max) = (4.000, 9.600, 50.000), stdev = 12.200
  CI (99.9%): [144.000, 144.000] (assumes normal distribution)


# JMH version: 1.37
# VM version: JDK 21.0.6, OpenJDK 64-Bit Server VM, 21.0.6+7-LTS
# VM invoker: /Users/d.fedorenko/Library/Java/JavaVirtualMachines/corretto-21.0.6/Contents/Home/bin/java
# VM options: -Xms512m -Xmx512m -XX:+UseG1GC
# Blackhole mode: compiler (auto-detected, use -Djmh.blackhole.autoDetect=false to disable)
# Warmup: 5 iterations, 1 s each
# Measurement: 5 iterations, 1 s each
# Timeout: 10 min per iteration
# Threads: 1 thread, will synchronize iterations
# Benchmark mode: Average time, time/op
# Benchmark: com.fedrbodr.bil24.benchmark.ParserBenchmark.optimized
# Parameters: (dataset = cyrillic)

# Run progress: 60.00% complete, ETA 00:02:02
# Fork: 1 of 3
# Warmup Iteration   1: 690.677 ns/op
# Warmup Iteration   2: 659.296 ns/op
# Warmup Iteration   3: 662.785 ns/op
# Warmup Iteration   4: 650.230 ns/op
# Warmup Iteration   5: 649.234 ns/op
Iteration   1: 645.808 ns/op
                 gc.alloc.rate:      1653.416 MB/sec
                 gc.alloc.rate.norm: 1120.004 B/op
                 gc.count:           5.000 counts
                 gc.time:            4.000 ms

Iteration   2: 649.874 ns/op
                 gc.alloc.rate:      1643.309 MB/sec
                 gc.alloc.rate.norm: 1120.004 B/op
                 gc.count:           6.000 counts
                 gc.time:            6.000 ms

Iteration   3: 659.024 ns/op
                 gc.alloc.rate:      1620.102 MB/sec
                 gc.alloc.rate.norm: 1120.005 B/op
                 gc.count:           5.000 counts
                 gc.time:            5.000 ms

Iteration   4: 654.150 ns/op
                 gc.alloc.rate:      1632.618 MB/sec
                 gc.alloc.rate.norm: 1120.005 B/op
                 gc.count:           5.000 counts
                 gc.time:            4.000 ms

Iteration   5: 646.127 ns/op
                 gc.alloc.rate:      1652.841 MB/sec
                 gc.alloc.rate.norm: 1120.004 B/op
                 gc.count:           6.000 counts
                 gc.time:            6.000 ms


# Run progress: 63.33% complete, ETA 00:01:52
# Fork: 2 of 3
# Warmup Iteration   1: 680.034 ns/op
# Warmup Iteration   2: 656.063 ns/op
# Warmup Iteration   3: 654.522 ns/op
# Warmup Iteration   4: 658.696 ns/op
# Warmup Iteration   5: 650.067 ns/op
Iteration   1: 650.592 ns/op
                 gc.alloc.rate:      1641.570 MB/sec
                 gc.alloc.rate.norm: 1120.004 B/op
                 gc.count:           5.000 counts
                 gc.time:            4.000 ms

Iteration   2: 654.155 ns/op
                 gc.alloc.rate:      1632.613 MB/sec
                 gc.alloc.rate.norm: 1120.005 B/op
                 gc.count:           6.000 counts
                 gc.time:            6.000 ms

Iteration   3: 645.537 ns/op
                 gc.alloc.rate:      1654.413 MB/sec
                 gc.alloc.rate.norm: 1120.004 B/op
                 gc.count:           5.000 counts
                 gc.time:            4.000 ms

Iteration   4: 650.890 ns/op
                 gc.alloc.rate:      1640.792 MB/sec
                 gc.alloc.rate.norm: 1120.005 B/op
                 gc.count:           6.000 counts
                 gc.time:            5.000 ms

Iteration   5: 783.260 ns/op
                 gc.alloc.rate:      1355.456 MB/sec
                 gc.alloc.rate.norm: 1120.005 B/op
                 gc.count:           4.000 counts
                 gc.time:            4.000 ms


# Run progress: 66.67% complete, ETA 00:01:42
# Fork: 3 of 3
# Warmup Iteration   1: 727.962 ns/op
# Warmup Iteration   2: 645.786 ns/op
# Warmup Iteration   3: 640.230 ns/op
# Warmup Iteration   4: 642.882 ns/op
# Warmup Iteration   5: 649.666 ns/op
Iteration   1: 649.929 ns/op
                 gc.alloc.rate:      1643.203 MB/sec
                 gc.alloc.rate.norm: 1120.004 B/op
                 gc.count:           5.000 counts
                 gc.time:            5.000 ms

Iteration   2: 651.909 ns/op
                 gc.alloc.rate:      1638.258 MB/sec
                 gc.alloc.rate.norm: 1120.004 B/op
                 gc.count:           6.000 counts
                 gc.time:            5.000 ms

Iteration   3: 654.311 ns/op
                 gc.alloc.rate:      1632.217 MB/sec
                 gc.alloc.rate.norm: 1120.004 B/op
                 gc.count:           5.000 counts
                 gc.time:            5.000 ms

Iteration   4: 651.988 ns/op
                 gc.alloc.rate:      1638.028 MB/sec
                 gc.alloc.rate.norm: 1120.004 B/op
                 gc.count:           6.000 counts
                 gc.time:            7.000 ms

Iteration   5: 647.827 ns/op
                 gc.alloc.rate:      1648.316 MB/sec
                 gc.alloc.rate.norm: 1120.004 B/op
                 gc.count:           5.000 counts
                 gc.time:            4.000 ms



Result "com.fedrbodr.bil24.benchmark.ParserBenchmark.optimized":
  659.692 ±(99.9%) 36.756 ns/op [Average]
  (min, avg, max) = (645.537, 659.692, 783.260), stdev = 34.382
  CI (99.9%): [622.936, 696.448] (assumes normal distribution)

Secondary result "com.fedrbodr.bil24.benchmark.ParserBenchmark.optimized:gc.alloc.rate":
  1621.810 ±(99.9%) 79.397 MB/sec [Average]
  (min, avg, max) = (1355.456, 1621.810, 1654.413), stdev = 74.268
  CI (99.9%): [1542.413, 1701.207] (assumes normal distribution)

Secondary result "com.fedrbodr.bil24.benchmark.ParserBenchmark.optimized:gc.alloc.rate.norm":
  1120.005 ±(99.9%) 0.001 B/op [Average]
  (min, avg, max) = (1120.004, 1120.005, 1120.005), stdev = 0.001
  CI (99.9%): [1120.004, 1120.005] (assumes normal distribution)

Secondary result "com.fedrbodr.bil24.benchmark.ParserBenchmark.optimized:gc.count":
  80.000 ±(99.9%) 0.001 counts [Sum]
  (min, avg, max) = (4.000, 5.333, 6.000), stdev = 0.617
  CI (99.9%): [80.000, 80.000] (assumes normal distribution)

Secondary result "com.fedrbodr.bil24.benchmark.ParserBenchmark.optimized:gc.time":
  74.000 ±(99.9%) 0.001 ms [Sum]
  (min, avg, max) = (4.000, 4.933, 7.000), stdev = 0.961
  CI (99.9%): [74.000, 74.000] (assumes normal distribution)


# JMH version: 1.37
# VM version: JDK 21.0.6, OpenJDK 64-Bit Server VM, 21.0.6+7-LTS
# VM invoker: /Users/d.fedorenko/Library/Java/JavaVirtualMachines/corretto-21.0.6/Contents/Home/bin/java
# VM options: -Xms512m -Xmx512m -XX:+UseG1GC
# Blackhole mode: compiler (auto-detected, use -Djmh.blackhole.autoDetect=false to disable)
# Warmup: 5 iterations, 1 s each
# Measurement: 5 iterations, 1 s each
# Timeout: 10 min per iteration
# Threads: 1 thread, will synchronize iterations
# Benchmark mode: Average time, time/op
# Benchmark: com.fedrbodr.bil24.benchmark.ParserBenchmark.optimized
# Parameters: (dataset = noSectorName)

# Run progress: 70.00% complete, ETA 00:01:31
# Fork: 1 of 3
# Warmup Iteration   1: 1188.263 ns/op
# Warmup Iteration   2: 1230.910 ns/op
# Warmup Iteration   3: 1222.771 ns/op
# Warmup Iteration   4: 1159.757 ns/op
# Warmup Iteration   5: 1167.626 ns/op
Iteration   1: 1193.271 ns/op
                 gc.alloc.rate:      722.396 MB/sec
                 gc.alloc.rate.norm: 904.008 B/op
                 gc.count:           3.000 counts
                 gc.time:            4.000 ms

Iteration   2: 1151.738 ns/op
                 gc.alloc.rate:      748.467 MB/sec
                 gc.alloc.rate.norm: 904.008 B/op
                 gc.count:           2.000 counts
                 gc.time:            1.000 ms

Iteration   3: 1149.705 ns/op
                 gc.alloc.rate:      749.762 MB/sec
                 gc.alloc.rate.norm: 904.008 B/op
                 gc.count:           3.000 counts
                 gc.time:            3.000 ms

Iteration   4: 1149.865 ns/op
                 gc.alloc.rate:      749.666 MB/sec
                 gc.alloc.rate.norm: 904.008 B/op
                 gc.count:           2.000 counts
                 gc.time:            2.000 ms

Iteration   5: 1157.825 ns/op
                 gc.alloc.rate:      744.466 MB/sec
                 gc.alloc.rate.norm: 904.008 B/op
                 gc.count:           2.000 counts
                 gc.time:            2.000 ms


# Run progress: 73.33% complete, ETA 00:01:21
# Fork: 2 of 3
# Warmup Iteration   1: 1183.548 ns/op
# Warmup Iteration   2: 1159.265 ns/op
# Warmup Iteration   3: 1162.948 ns/op
# Warmup Iteration   4: 1142.394 ns/op
# Warmup Iteration   5: 1155.017 ns/op
Iteration   1: 1143.300 ns/op
                 gc.alloc.rate:      753.980 MB/sec
                 gc.alloc.rate.norm: 904.008 B/op
                 gc.count:           2.000 counts
                 gc.time:            2.000 ms

Iteration   2: 1153.358 ns/op
                 gc.alloc.rate:      747.412 MB/sec
                 gc.alloc.rate.norm: 904.008 B/op
                 gc.count:           3.000 counts
                 gc.time:            3.000 ms

Iteration   3: 1150.004 ns/op
                 gc.alloc.rate:      749.545 MB/sec
                 gc.alloc.rate.norm: 904.008 B/op
                 gc.count:           2.000 counts
                 gc.time:            2.000 ms

Iteration   4: 1151.110 ns/op
                 gc.alloc.rate:      748.832 MB/sec
                 gc.alloc.rate.norm: 904.008 B/op
                 gc.count:           2.000 counts
                 gc.time:            2.000 ms

Iteration   5: 1160.263 ns/op
                 gc.alloc.rate:      742.899 MB/sec
                 gc.alloc.rate.norm: 904.008 B/op
                 gc.count:           3.000 counts
                 gc.time:            2.000 ms


# Run progress: 76.67% complete, ETA 00:01:11
# Fork: 3 of 3
# Warmup Iteration   1: 1194.584 ns/op
# Warmup Iteration   2: 1171.237 ns/op
# Warmup Iteration   3: 1163.022 ns/op
# Warmup Iteration   4: 1176.658 ns/op
# Warmup Iteration   5: 1147.902 ns/op
Iteration   1: 1153.297 ns/op
                 gc.alloc.rate:      747.440 MB/sec
                 gc.alloc.rate.norm: 904.008 B/op
                 gc.count:           3.000 counts
                 gc.time:            3.000 ms

Iteration   2: 1147.732 ns/op
                 gc.alloc.rate:      751.063 MB/sec
                 gc.alloc.rate.norm: 904.008 B/op
                 gc.count:           2.000 counts
                 gc.time:            2.000 ms

Iteration   3: 1163.419 ns/op
                 gc.alloc.rate:      740.926 MB/sec
                 gc.alloc.rate.norm: 904.008 B/op
                 gc.count:           3.000 counts
                 gc.time:            2.000 ms

Iteration   4: 1168.703 ns/op
                 gc.alloc.rate:      737.587 MB/sec
                 gc.alloc.rate.norm: 904.008 B/op
                 gc.count:           2.000 counts
                 gc.time:            2.000 ms

Iteration   5: 1158.656 ns/op
                 gc.alloc.rate:      743.942 MB/sec
                 gc.alloc.rate.norm: 904.008 B/op
                 gc.count:           3.000 counts
                 gc.time:            3.000 ms



Result "com.fedrbodr.bil24.benchmark.ParserBenchmark.optimized":
  1156.816 ±(99.9%) 12.852 ns/op [Average]
  (min, avg, max) = (1143.300, 1156.816, 1193.271), stdev = 12.022
  CI (99.9%): [1143.964, 1169.668] (assumes normal distribution)

Secondary result "com.fedrbodr.bil24.benchmark.ParserBenchmark.optimized:gc.alloc.rate":
  745.225 ±(99.9%) 8.124 MB/sec [Average]
  (min, avg, max) = (722.396, 745.225, 753.980), stdev = 7.599
  CI (99.9%): [737.101, 753.350] (assumes normal distribution)

Secondary result "com.fedrbodr.bil24.benchmark.ParserBenchmark.optimized:gc.alloc.rate.norm":
  904.008 ±(99.9%) 0.001 B/op [Average]
  (min, avg, max) = (904.008, 904.008, 904.008), stdev = 0.001
  CI (99.9%): [904.008, 904.008] (assumes normal distribution)

Secondary result "com.fedrbodr.bil24.benchmark.ParserBenchmark.optimized:gc.count":
  37.000 ±(99.9%) 0.001 counts [Sum]
  (min, avg, max) = (2.000, 2.467, 3.000), stdev = 0.516
  CI (99.9%): [37.000, 37.000] (assumes normal distribution)

Secondary result "com.fedrbodr.bil24.benchmark.ParserBenchmark.optimized:gc.time":
  35.000 ±(99.9%) 0.001 ms [Sum]
  (min, avg, max) = (1.000, 2.333, 4.000), stdev = 0.724
  CI (99.9%): [35.000, 35.000] (assumes normal distribution)


# JMH version: 1.37
# VM version: JDK 21.0.6, OpenJDK 64-Bit Server VM, 21.0.6+7-LTS
# VM invoker: /Users/d.fedorenko/Library/Java/JavaVirtualMachines/corretto-21.0.6/Contents/Home/bin/java
# VM options: -Xms512m -Xmx512m -XX:+UseG1GC
# Blackhole mode: compiler (auto-detected, use -Djmh.blackhole.autoDetect=false to disable)
# Warmup: 5 iterations, 1 s each
# Measurement: 5 iterations, 1 s each
# Timeout: 10 min per iteration
# Threads: 1 thread, will synchronize iterations
# Benchmark mode: Average time, time/op
# Benchmark: com.fedrbodr.bil24.benchmark.ParserBenchmark.optimized
# Parameters: (dataset = invalid)

# Run progress: 80.00% complete, ETA 00:01:01
# Fork: 1 of 3
# Warmup Iteration   1: 4272.155 ns/op
# Warmup Iteration   2: 4118.443 ns/op
# Warmup Iteration   3: 4161.339 ns/op
# Warmup Iteration   4: 4196.933 ns/op
# Warmup Iteration   5: 4246.232 ns/op
Iteration   1: 4128.094 ns/op
                 gc.alloc.rate:      57.292 MB/sec
                 gc.alloc.rate.norm: 248.028 B/op
                 gc.count:           ≈ 0 counts

Iteration   2: 4133.380 ns/op
                 gc.alloc.rate:      57.219 MB/sec
                 gc.alloc.rate.norm: 248.029 B/op
                 gc.count:           1.000 counts
                 gc.time:            1.000 ms

Iteration   3: 4169.967 ns/op
                 gc.alloc.rate:      56.717 MB/sec
                 gc.alloc.rate.norm: 248.029 B/op
                 gc.count:           ≈ 0 counts

Iteration   4: 4131.773 ns/op
                 gc.alloc.rate:      57.239 MB/sec
                 gc.alloc.rate.norm: 248.028 B/op
                 gc.count:           ≈ 0 counts

Iteration   5: 4137.707 ns/op
                 gc.alloc.rate:      57.158 MB/sec
                 gc.alloc.rate.norm: 248.028 B/op
                 gc.count:           ≈ 0 counts


# Run progress: 83.33% complete, ETA 00:00:51
# Fork: 2 of 3
# Warmup Iteration   1: 4307.640 ns/op
# Warmup Iteration   2: 4133.680 ns/op
# Warmup Iteration   3: 4162.190 ns/op
# Warmup Iteration   4: 4163.328 ns/op
# Warmup Iteration   5: 4154.244 ns/op
Iteration   1: 4175.180 ns/op
                 gc.alloc.rate:      56.646 MB/sec
                 gc.alloc.rate.norm: 248.029 B/op
                 gc.count:           ≈ 0 counts

Iteration   2: 4162.260 ns/op
                 gc.alloc.rate:      56.822 MB/sec
                 gc.alloc.rate.norm: 248.029 B/op
                 gc.count:           1.000 counts
                 gc.time:            1.000 ms

Iteration   3: 4173.198 ns/op
                 gc.alloc.rate:      56.673 MB/sec
                 gc.alloc.rate.norm: 248.029 B/op
                 gc.count:           ≈ 0 counts

Iteration   4: 4184.658 ns/op
                 gc.alloc.rate:      56.520 MB/sec
                 gc.alloc.rate.norm: 248.029 B/op
                 gc.count:           ≈ 0 counts

Iteration   5: 4126.763 ns/op
                 gc.alloc.rate:      57.312 MB/sec
                 gc.alloc.rate.norm: 248.028 B/op
                 gc.count:           ≈ 0 counts


# Run progress: 86.67% complete, ETA 00:00:40
# Fork: 3 of 3
# Warmup Iteration   1: 4250.770 ns/op
# Warmup Iteration   2: 4112.833 ns/op
# Warmup Iteration   3: 4234.616 ns/op
# Warmup Iteration   4: 4161.964 ns/op
# Warmup Iteration   5: 4140.925 ns/op
Iteration   1: 4157.651 ns/op
                 gc.alloc.rate:      56.884 MB/sec
                 gc.alloc.rate.norm: 248.029 B/op
                 gc.count:           ≈ 0 counts

Iteration   2: 4203.306 ns/op
                 gc.alloc.rate:      56.267 MB/sec
                 gc.alloc.rate.norm: 248.029 B/op
                 gc.count:           1.000 counts
                 gc.time:            1.000 ms

Iteration   3: 4143.368 ns/op
                 gc.alloc.rate:      57.081 MB/sec
                 gc.alloc.rate.norm: 248.029 B/op
                 gc.count:           ≈ 0 counts

Iteration   4: 4164.154 ns/op
                 gc.alloc.rate:      56.796 MB/sec
                 gc.alloc.rate.norm: 248.029 B/op
                 gc.count:           ≈ 0 counts

Iteration   5: 4158.571 ns/op
                 gc.alloc.rate:      56.872 MB/sec
                 gc.alloc.rate.norm: 248.029 B/op
                 gc.count:           ≈ 0 counts



Result "com.fedrbodr.bil24.benchmark.ParserBenchmark.optimized":
  4156.669 ±(99.9%) 24.332 ns/op [Average]
  (min, avg, max) = (4126.763, 4156.669, 4203.306), stdev = 22.760
  CI (99.9%): [4132.336, 4181.001] (assumes normal distribution)

Secondary result "com.fedrbodr.bil24.benchmark.ParserBenchmark.optimized:gc.alloc.rate":
  56.900 ±(99.9%) 0.332 MB/sec [Average]
  (min, avg, max) = (56.267, 56.900, 57.312), stdev = 0.311
  CI (99.9%): [56.568, 57.232] (assumes normal distribution)

Secondary result "com.fedrbodr.bil24.benchmark.ParserBenchmark.optimized:gc.alloc.rate.norm":
  248.029 ±(99.9%) 0.001 B/op [Average]
  (min, avg, max) = (248.028, 248.029, 248.029), stdev = 0.001
  CI (99.9%): [248.028, 248.029] (assumes normal distribution)

Secondary result "com.fedrbodr.bil24.benchmark.ParserBenchmark.optimized:gc.count":
  3.000 ±(99.9%) 0.001 counts [Sum]
  (min, avg, max) = (≈ 0, 0.200, 1.000), stdev = 0.414
  CI (99.9%): [3.000, 3.000] (assumes normal distribution)

Secondary result "com.fedrbodr.bil24.benchmark.ParserBenchmark.optimized:gc.time":
  3.000 ±(99.9%) 0.001 ms [Sum]
  (min, avg, max) = (≈ 0, 0.200, 1.000), stdev = 0.414
  CI (99.9%): [3.000, 3.000] (assumes normal distribution)


# JMH version: 1.37
# VM version: JDK 21.0.6, OpenJDK 64-Bit Server VM, 21.0.6+7-LTS
# VM invoker: /Users/d.fedorenko/Library/Java/JavaVirtualMachines/corretto-21.0.6/Contents/Home/bin/java
# VM options: -Xms512m -Xmx512m -XX:+UseG1GC
# Blackhole mode: compiler (auto-detected, use -Djmh.blackhole.autoDetect=false to disable)
# Warmup: 5 iterations, 1 s each
# Measurement: 5 iterations, 1 s each
# Timeout: 10 min per iteration
# Threads: 1 thread, will synchronize iterations
# Benchmark mode: Average time, time/op
# Benchmark: com.fedrbodr.bil24.benchmark.ParserBenchmark.optimized
# Parameters: (dataset = repeatedMarkers)

# Run progress: 90.00% complete, ETA 00:00:30
# Fork: 1 of 3
# Warmup Iteration   1: 520.798 ns/op
# Warmup Iteration   2: 498.640 ns/op
# Warmup Iteration   3: 500.076 ns/op
# Warmup Iteration   4: 493.257 ns/op
# Warmup Iteration   5: 492.167 ns/op
Iteration   1: 496.326 ns/op
                 gc.alloc.rate:      1921.164 MB/sec
                 gc.alloc.rate.norm: 1000.003 B/op
                 gc.count:           6.000 counts
                 gc.time:            5.000 ms

Iteration   2: 490.574 ns/op
                 gc.alloc.rate:      1943.730 MB/sec
                 gc.alloc.rate.norm: 1000.003 B/op
                 gc.count:           6.000 counts
                 gc.time:            6.000 ms

Iteration   3: 490.871 ns/op
                 gc.alloc.rate:      1942.574 MB/sec
                 gc.alloc.rate.norm: 1000.003 B/op
                 gc.count:           7.000 counts
                 gc.time:            6.000 ms

Iteration   4: 494.915 ns/op
                 gc.alloc.rate:      1926.711 MB/sec
                 gc.alloc.rate.norm: 1000.003 B/op
                 gc.count:           6.000 counts
                 gc.time:            5.000 ms

Iteration   5: 492.449 ns/op
                 gc.alloc.rate:      1936.213 MB/sec
                 gc.alloc.rate.norm: 1000.003 B/op
                 gc.count:           6.000 counts
                 gc.time:            6.000 ms


# Run progress: 93.33% complete, ETA 00:00:20
# Fork: 2 of 3
# Warmup Iteration   1: 517.436 ns/op
# Warmup Iteration   2: 494.806 ns/op
# Warmup Iteration   3: 497.030 ns/op
# Warmup Iteration   4: 493.716 ns/op
# Warmup Iteration   5: 495.470 ns/op
Iteration   1: 491.497 ns/op
                 gc.alloc.rate:      1940.106 MB/sec
                 gc.alloc.rate.norm: 1000.003 B/op
                 gc.count:           6.000 counts
                 gc.time:            6.000 ms

Iteration   2: 499.118 ns/op
                 gc.alloc.rate:      1910.482 MB/sec
                 gc.alloc.rate.norm: 1000.003 B/op
                 gc.count:           6.000 counts
                 gc.time:            5.000 ms

Iteration   3: 494.258 ns/op
                 gc.alloc.rate:      1929.273 MB/sec
                 gc.alloc.rate.norm: 1000.003 B/op
                 gc.count:           7.000 counts
                 gc.time:            7.000 ms

Iteration   4: 502.568 ns/op
                 gc.alloc.rate:      1897.338 MB/sec
                 gc.alloc.rate.norm: 1000.003 B/op
                 gc.count:           6.000 counts
                 gc.time:            5.000 ms

Iteration   5: 499.236 ns/op
                 gc.alloc.rate:      1909.842 MB/sec
                 gc.alloc.rate.norm: 1000.003 B/op
                 gc.count:           6.000 counts
                 gc.time:            6.000 ms


# Run progress: 96.67% complete, ETA 00:00:10
# Fork: 3 of 3
# Warmup Iteration   1: 523.407 ns/op
# Warmup Iteration   2: 494.850 ns/op
# Warmup Iteration   3: 500.898 ns/op
# Warmup Iteration   4: 501.158 ns/op
# Warmup Iteration   5: 495.576 ns/op
Iteration   1: 496.247 ns/op
                 gc.alloc.rate:      1921.512 MB/sec
                 gc.alloc.rate.norm: 1000.003 B/op
                 gc.count:           6.000 counts
                 gc.time:            5.000 ms

Iteration   2: 497.787 ns/op
                 gc.alloc.rate:      1915.590 MB/sec
                 gc.alloc.rate.norm: 1000.003 B/op
                 gc.count:           6.000 counts
                 gc.time:            5.000 ms

Iteration   3: 497.506 ns/op
                 gc.alloc.rate:      1916.681 MB/sec
                 gc.alloc.rate.norm: 1000.003 B/op
                 gc.count:           7.000 counts
                 gc.time:            7.000 ms

Iteration   4: 497.532 ns/op
                 gc.alloc.rate:      1916.565 MB/sec
                 gc.alloc.rate.norm: 1000.003 B/op
                 gc.count:           6.000 counts
                 gc.time:            5.000 ms

Iteration   5: 501.349 ns/op
                 gc.alloc.rate:      1901.881 MB/sec
                 gc.alloc.rate.norm: 1000.003 B/op
                 gc.count:           6.000 counts
                 gc.time:            6.000 ms



Result "com.fedrbodr.bil24.benchmark.ParserBenchmark.optimized":
  496.149 ±(99.9%) 3.963 ns/op [Average]
  (min, avg, max) = (490.574, 496.149, 502.568), stdev = 3.707
  CI (99.9%): [492.186, 500.112] (assumes normal distribution)

Secondary result "com.fedrbodr.bil24.benchmark.ParserBenchmark.optimized:gc.alloc.rate":
  1921.977 ±(99.9%) 15.370 MB/sec [Average]
  (min, avg, max) = (1897.338, 1921.977, 1943.730), stdev = 14.377
  CI (99.9%): [1906.608, 1937.347] (assumes normal distribution)

Secondary result "com.fedrbodr.bil24.benchmark.ParserBenchmark.optimized:gc.alloc.rate.norm":
  1000.003 ±(99.9%) 0.001 B/op [Average]
  (min, avg, max) = (1000.003, 1000.003, 1000.003), stdev = 0.001
  CI (99.9%): [1000.003, 1000.003] (assumes normal distribution)

Secondary result "com.fedrbodr.bil24.benchmark.ParserBenchmark.optimized:gc.count":
  93.000 ±(99.9%) 0.001 counts [Sum]
  (min, avg, max) = (6.000, 6.200, 7.000), stdev = 0.414
  CI (99.9%): [93.000, 93.000] (assumes normal distribution)

Secondary result "com.fedrbodr.bil24.benchmark.ParserBenchmark.optimized:gc.time":
  85.000 ±(99.9%) 0.001 ms [Sum]
  (min, avg, max) = (5.000, 5.667, 7.000), stdev = 0.724
  CI (99.9%): [85.000, 85.000] (assumes normal distribution)


# Run complete. Total time: 00:05:06

REMEMBER: The numbers below are just data. To gain reusable insights, you need to follow up on
why the numbers are the way they are. Use profilers (see -prof, -lprof), design factorial
experiments, perform baseline and negative tests that provide experimental control, make sure
the benchmarking environment is safe on JVM/OS/HW level, ask for reviews from the domain experts.
Do not assume the numbers tell you what you want them to tell.

NOTE: Current JVM experimentally supports Compiler Blackholes, and they are in use. Please exercise
extra caution when trusting the results, look into the generated code to check the benchmark still
works, and factor in a small probability of new VM bugs. Additionally, while comparisons between
different JVMs are already problematic, the performance difference caused by different Blackhole
modes can be very significant. Please make sure you use the consistent Blackhole mode for comparisons.

Benchmark                                           (dataset)  Mode  Cnt     Score     Error   Units
ParserBenchmark.baseline                                latin  avgt   15  1421.614 ±   9.037   ns/op
ParserBenchmark.baseline:gc.alloc.rate                  latin  avgt   15  3026.452 ±  19.259  MB/sec
ParserBenchmark.baseline:gc.alloc.rate.norm             latin  avgt   15  4512.010 ±   0.001    B/op
ParserBenchmark.baseline:gc.count                       latin  avgt   15   149.000            counts
ParserBenchmark.baseline:gc.time                        latin  avgt   15   146.000                ms
ParserBenchmark.baseline                             cyrillic  avgt   15  1716.978 ±  15.476   ns/op
ParserBenchmark.baseline:gc.alloc.rate               cyrillic  avgt   15  3225.719 ±  29.151  MB/sec
ParserBenchmark.baseline:gc.alloc.rate.norm          cyrillic  avgt   15  5808.012 ±   0.001    B/op
ParserBenchmark.baseline:gc.count                    cyrillic  avgt   15   160.000            counts
ParserBenchmark.baseline:gc.time                     cyrillic  avgt   15   160.000                ms
ParserBenchmark.baseline                         noSectorName  avgt   15  2000.116 ±   9.918   ns/op
ParserBenchmark.baseline:gc.alloc.rate           noSectorName  avgt   15  2151.111 ±  10.667  MB/sec
ParserBenchmark.baseline:gc.alloc.rate.norm      noSectorName  avgt   15  4512.014 ±   0.001    B/op
ParserBenchmark.baseline:gc.count                noSectorName  avgt   15   108.000            counts
ParserBenchmark.baseline:gc.time                 noSectorName  avgt   15    95.000                ms
ParserBenchmark.baseline                              invalid  avgt   15  4978.488 ±  70.088   ns/op
ParserBenchmark.baseline:gc.alloc.rate                invalid  avgt   15   718.736 ±  10.002  MB/sec
ParserBenchmark.baseline:gc.alloc.rate.norm           invalid  avgt   15  3752.034 ±   0.001    B/op
ParserBenchmark.baseline:gc.count                     invalid  avgt   15    36.000            counts
ParserBenchmark.baseline:gc.time                      invalid  avgt   15    35.000                ms
ParserBenchmark.baseline                      repeatedMarkers  avgt   15  1454.073 ± 231.576   ns/op
ParserBenchmark.baseline:gc.alloc.rate        repeatedMarkers  avgt   15  3031.062 ± 355.687  MB/sec
ParserBenchmark.baseline:gc.alloc.rate.norm   repeatedMarkers  avgt   15  4552.010 ±   0.002    B/op
ParserBenchmark.baseline:gc.count             repeatedMarkers  avgt   15   150.000            counts
ParserBenchmark.baseline:gc.time              repeatedMarkers  avgt   15   175.000                ms
ParserBenchmark.optimized                               latin  avgt   15   621.379 ±  39.401   ns/op
ParserBenchmark.optimized:gc.alloc.rate                 latin  avgt   15  1475.223 ± 104.512  MB/sec
ParserBenchmark.optimized:gc.alloc.rate.norm            latin  avgt   15   960.004 ±   0.001    B/op
ParserBenchmark.optimized:gc.count                      latin  avgt   15    73.000            counts
ParserBenchmark.optimized:gc.time                       latin  avgt   15   144.000                ms
ParserBenchmark.optimized                            cyrillic  avgt   15   659.692 ±  36.756   ns/op
ParserBenchmark.optimized:gc.alloc.rate              cyrillic  avgt   15  1621.810 ±  79.397  MB/sec
ParserBenchmark.optimized:gc.alloc.rate.norm         cyrillic  avgt   15  1120.005 ±   0.001    B/op
ParserBenchmark.optimized:gc.count                   cyrillic  avgt   15    80.000            counts
ParserBenchmark.optimized:gc.time                    cyrillic  avgt   15    74.000                ms
ParserBenchmark.optimized                        noSectorName  avgt   15  1156.816 ±  12.852   ns/op
ParserBenchmark.optimized:gc.alloc.rate          noSectorName  avgt   15   745.225 ±   8.124  MB/sec
ParserBenchmark.optimized:gc.alloc.rate.norm     noSectorName  avgt   15   904.008 ±   0.001    B/op
ParserBenchmark.optimized:gc.count               noSectorName  avgt   15    37.000            counts
ParserBenchmark.optimized:gc.time                noSectorName  avgt   15    35.000                ms
ParserBenchmark.optimized                             invalid  avgt   15  4156.669 ±  24.332   ns/op
ParserBenchmark.optimized:gc.alloc.rate               invalid  avgt   15    56.900 ±   0.332  MB/sec
ParserBenchmark.optimized:gc.alloc.rate.norm          invalid  avgt   15   248.029 ±   0.001    B/op
ParserBenchmark.optimized:gc.count                    invalid  avgt   15     3.000            counts
ParserBenchmark.optimized:gc.time                     invalid  avgt   15     3.000                ms
ParserBenchmark.optimized                     repeatedMarkers  avgt   15   496.149 ±   3.963   ns/op
ParserBenchmark.optimized:gc.alloc.rate       repeatedMarkers  avgt   15  1921.977 ±  15.370  MB/sec
ParserBenchmark.optimized:gc.alloc.rate.norm  repeatedMarkers  avgt   15  1000.003 ±   0.001    B/op
ParserBenchmark.optimized:gc.count            repeatedMarkers  avgt   15    93.000            counts
ParserBenchmark.optimized:gc.time             repeatedMarkers  avgt   15    85.000                ms

Benchmark result is saved to docs/results/final/parser-time.json
