# JMH version: 1.37
# VM version: JDK 21.0.6, OpenJDK 64-Bit Server VM, 21.0.6+7-LTS
# VM invoker: /Users/d.fedorenko/Library/Java/JavaVirtualMachines/corretto-21.0.6/Contents/Home/bin/java
# VM options: -Xms512m -Xmx512m -XX:+UseG1GC
# Blackhole mode: compiler (auto-detected, use -Djmh.blackhole.autoDetect=false to disable)
# Warmup: 5 iterations, 1 s each
# Measurement: 5 iterations, 1 s each
# Timeout: 10 min per iteration
# Threads: 1 thread, will synchronize iterations
# Benchmark mode: Average time, time/op
# Benchmark: com.fedrbodr.bil24.benchmark.ParserBenchmark.baseline
# Parameters: (dataset = latin)

# Run progress: 0.00% complete, ETA 00:02:30
# Fork: 1 of 3
# Warmup Iteration   1: 1748.531 ns/op
# Warmup Iteration   2: 1472.229 ns/op
# Warmup Iteration   3: 1394.182 ns/op
# Warmup Iteration   4: 1399.234 ns/op
# Warmup Iteration   5: 1393.615 ns/op
Iteration   1: 1387.023 ns/op
                 gc.alloc.rate:      3101.906 MB/sec
                 gc.alloc.rate.norm: 4512.010 B/op
                 gc.count:           11.000 counts
                 gc.time:            10.000 ms

Iteration   2: 1395.707 ns/op
                 gc.alloc.rate:      3082.579 MB/sec
                 gc.alloc.rate.norm: 4512.010 B/op
                 gc.count:           10.000 counts
                 gc.time:            8.000 ms

Iteration   3: 1402.358 ns/op
                 gc.alloc.rate:      3067.981 MB/sec
                 gc.alloc.rate.norm: 4512.010 B/op
                 gc.count:           10.000 counts
                 gc.time:            10.000 ms

Iteration   4: 1405.068 ns/op
                 gc.alloc.rate:      3062.121 MB/sec
                 gc.alloc.rate.norm: 4512.010 B/op
                 gc.count:           10.000 counts
                 gc.time:            8.000 ms

Iteration   5: 1416.226 ns/op
                 gc.alloc.rate:      3037.713 MB/sec
                 gc.alloc.rate.norm: 4512.010 B/op
                 gc.count:           10.000 counts
                 gc.time:            9.000 ms


# Run progress: 6.67% complete, ETA 00:02:23
# Fork: 2 of 3
# Warmup Iteration   1: 1791.784 ns/op
# Warmup Iteration   2: 1437.319 ns/op
# Warmup Iteration   3: 1394.861 ns/op
# Warmup Iteration   4: 1394.948 ns/op
# Warmup Iteration   5: 1470.498 ns/op
Iteration   1: 1394.383 ns/op
                 gc.alloc.rate:      3085.302 MB/sec
                 gc.alloc.rate.norm: 4512.010 B/op
                 gc.count:           10.000 counts
                 gc.time:            9.000 ms

Iteration   2: 1421.213 ns/op
                 gc.alloc.rate:      3027.278 MB/sec
                 gc.alloc.rate.norm: 4512.010 B/op
                 gc.count:           10.000 counts
                 gc.time:            10.000 ms

Iteration   3: 1406.401 ns/op
                 gc.alloc.rate:      3059.185 MB/sec
                 gc.alloc.rate.norm: 4512.010 B/op
                 gc.count:           10.000 counts
                 gc.time:            9.000 ms

Iteration   4: 1399.985 ns/op
                 gc.alloc.rate:      3073.231 MB/sec
                 gc.alloc.rate.norm: 4512.010 B/op
                 gc.count:           10.000 counts
                 gc.time:            10.000 ms

Iteration   5: 1409.020 ns/op
                 gc.alloc.rate:      3053.336 MB/sec
                 gc.alloc.rate.norm: 4512.010 B/op
                 gc.count:           10.000 counts
                 gc.time:            9.000 ms


# Run progress: 13.33% complete, ETA 00:02:12
# Fork: 3 of 3
# Warmup Iteration   1: 1836.496 ns/op
# Warmup Iteration   2: 1424.749 ns/op
# Warmup Iteration   3: 1435.765 ns/op
# Warmup Iteration   4: 1465.830 ns/op
# Warmup Iteration   5: 1599.922 ns/op
Iteration   1: 1451.339 ns/op
                 gc.alloc.rate:      2964.375 MB/sec
                 gc.alloc.rate.norm: 4512.010 B/op
                 gc.count:           10.000 counts
                 gc.time:            10.000 ms

Iteration   2: 1432.524 ns/op
                 gc.alloc.rate:      3003.314 MB/sec
                 gc.alloc.rate.norm: 4512.010 B/op
                 gc.count:           10.000 counts
                 gc.time:            9.000 ms

Iteration   3: 1418.749 ns/op
                 gc.alloc.rate:      3032.535 MB/sec
                 gc.alloc.rate.norm: 4512.010 B/op
                 gc.count:           10.000 counts
                 gc.time:            8.000 ms

Iteration   4: 1439.514 ns/op
                 gc.alloc.rate:      2988.807 MB/sec
                 gc.alloc.rate.norm: 4512.010 B/op
                 gc.count:           10.000 counts
                 gc.time:            9.000 ms

Iteration   5: 1437.415 ns/op
                 gc.alloc.rate:      2993.044 MB/sec
                 gc.alloc.rate.norm: 4512.010 B/op
                 gc.count:           10.000 counts
                 gc.time:            10.000 ms



Result "com.fedrbodr.bil24.benchmark.ParserBenchmark.baseline":
  1414.461 ±(99.9%) 20.111 ns/op [Average]
  (min, avg, max) = (1387.023, 1414.461, 1451.339), stdev = 18.812
  CI (99.9%): [1394.351, 1434.572] (assumes normal distribution)

Secondary result "com.fedrbodr.bil24.benchmark.ParserBenchmark.baseline:gc.alloc.rate":
  3042.181 ±(99.9%) 43.012 MB/sec [Average]
  (min, avg, max) = (2964.375, 3042.181, 3101.906), stdev = 40.233
  CI (99.9%): [2999.168, 3085.193] (assumes normal distribution)

Secondary result "com.fedrbodr.bil24.benchmark.ParserBenchmark.baseline:gc.alloc.rate.norm":
  4512.010 ±(99.9%) 0.001 B/op [Average]
  (min, avg, max) = (4512.010, 4512.010, 4512.010), stdev = 0.001
  CI (99.9%): [4512.010, 4512.010] (assumes normal distribution)

Secondary result "com.fedrbodr.bil24.benchmark.ParserBenchmark.baseline:gc.count":
  151.000 ±(99.9%) 0.001 counts [Sum]
  (min, avg, max) = (10.000, 10.067, 11.000), stdev = 0.258
  CI (99.9%): [151.000, 151.000] (assumes normal distribution)

Secondary result "com.fedrbodr.bil24.benchmark.ParserBenchmark.baseline:gc.time":
  138.000 ±(99.9%) 0.001 ms [Sum]
  (min, avg, max) = (8.000, 9.200, 10.000), stdev = 0.775
  CI (99.9%): [138.000, 138.000] (assumes normal distribution)


# JMH version: 1.37
# VM version: JDK 21.0.6, OpenJDK 64-Bit Server VM, 21.0.6+7-LTS
# VM invoker: /Users/d.fedorenko/Library/Java/JavaVirtualMachines/corretto-21.0.6/Contents/Home/bin/java
# VM options: -Xms512m -Xmx512m -XX:+UseG1GC
# Blackhole mode: compiler (auto-detected, use -Djmh.blackhole.autoDetect=false to disable)
# Warmup: 5 iterations, 1 s each
# Measurement: 5 iterations, 1 s each
# Timeout: 10 min per iteration
# Threads: 1 thread, will synchronize iterations
# Benchmark mode: Average time, time/op
# Benchmark: com.fedrbodr.bil24.benchmark.ParserBenchmark.baseline
# Parameters: (dataset = cyrillic)

# Run progress: 20.00% complete, ETA 00:02:02
# Fork: 1 of 3
# Warmup Iteration   1: 2103.095 ns/op
# Warmup Iteration   2: 1742.471 ns/op
# Warmup Iteration   3: 1725.692 ns/op
# Warmup Iteration   4: 1747.804 ns/op
# Warmup Iteration   5: 1743.036 ns/op
Iteration   1: 1734.157 ns/op
                 gc.alloc.rate:      3193.499 MB/sec
                 gc.alloc.rate.norm: 5808.012 B/op
                 gc.count:           10.000 counts
                 gc.time:            10.000 ms

Iteration   2: 1750.048 ns/op
                 gc.alloc.rate:      3164.681 MB/sec
                 gc.alloc.rate.norm: 5808.012 B/op
                 gc.count:           11.000 counts
                 gc.time:            15.000 ms

Iteration   3: 1723.981 ns/op
                 gc.alloc.rate:      3212.485 MB/sec
                 gc.alloc.rate.norm: 5808.012 B/op
                 gc.count:           10.000 counts
                 gc.time:            9.000 ms

Iteration   4: 1704.056 ns/op
                 gc.alloc.rate:      3249.960 MB/sec
                 gc.alloc.rate.norm: 5808.012 B/op
                 gc.count:           11.000 counts
                 gc.time:            10.000 ms

Iteration   5: 1698.057 ns/op
                 gc.alloc.rate:      3261.295 MB/sec
                 gc.alloc.rate.norm: 5808.012 B/op
                 gc.count:           11.000 counts
                 gc.time:            9.000 ms


# Run progress: 26.67% complete, ETA 00:01:52
# Fork: 2 of 3
# Warmup Iteration   1: 2084.938 ns/op
# Warmup Iteration   2: 1704.710 ns/op
# Warmup Iteration   3: 1704.558 ns/op
# Warmup Iteration   4: 1714.384 ns/op
# Warmup Iteration   5: 1699.417 ns/op
Iteration   1: 1703.935 ns/op
                 gc.alloc.rate:      3250.234 MB/sec
                 gc.alloc.rate.norm: 5808.012 B/op
                 gc.count:           11.000 counts
                 gc.time:            9.000 ms

Iteration   2: 1700.758 ns/op
                 gc.alloc.rate:      3256.375 MB/sec
                 gc.alloc.rate.norm: 5808.012 B/op
                 gc.count:           10.000 counts
                 gc.time:            9.000 ms

Iteration   3: 1698.090 ns/op
                 gc.alloc.rate:      3261.363 MB/sec
                 gc.alloc.rate.norm: 5808.012 B/op
                 gc.count:           11.000 counts
                 gc.time:            10.000 ms

Iteration   4: 1699.485 ns/op
                 gc.alloc.rate:      3258.727 MB/sec
                 gc.alloc.rate.norm: 5808.012 B/op
                 gc.count:           11.000 counts
                 gc.time:            10.000 ms

Iteration   5: 1805.869 ns/op
                 gc.alloc.rate:      3066.170 MB/sec
                 gc.alloc.rate.norm: 5808.012 B/op
                 gc.count:           10.000 counts
                 gc.time:            9.000 ms


# Run progress: 33.33% complete, ETA 00:01:42
# Fork: 3 of 3
# Warmup Iteration   1: 2130.719 ns/op
# Warmup Iteration   2: 1686.640 ns/op
# Warmup Iteration   3: 1705.698 ns/op
# Warmup Iteration   4: 1722.290 ns/op
# Warmup Iteration   5: 1720.878 ns/op
Iteration   1: 1714.356 ns/op
                 gc.alloc.rate:      3230.519 MB/sec
                 gc.alloc.rate.norm: 5808.012 B/op
                 gc.count:           10.000 counts
                 gc.time:            10.000 ms

Iteration   2: 1710.514 ns/op
                 gc.alloc.rate:      3237.764 MB/sec
                 gc.alloc.rate.norm: 5808.012 B/op
                 gc.count:           11.000 counts
                 gc.time:            9.000 ms

Iteration   3: 1690.465 ns/op
                 gc.alloc.rate:      3276.073 MB/sec
                 gc.alloc.rate.norm: 5808.012 B/op
                 gc.count:           11.000 counts
                 gc.time:            10.000 ms

Iteration   4: 1692.706 ns/op
                 gc.alloc.rate:      3271.793 MB/sec
                 gc.alloc.rate.norm: 5808.012 B/op
                 gc.count:           10.000 counts
                 gc.time:            9.000 ms

Iteration   5: 1698.521 ns/op
                 gc.alloc.rate:      3260.462 MB/sec
                 gc.alloc.rate.norm: 5808.012 B/op
                 gc.count:           11.000 counts
                 gc.time:            10.000 ms



Result "com.fedrbodr.bil24.benchmark.ParserBenchmark.baseline":
  1715.000 ±(99.9%) 32.050 ns/op [Average]
  (min, avg, max) = (1690.465, 1715.000, 1805.869), stdev = 29.980
  CI (99.9%): [1682.950, 1747.050] (assumes normal distribution)

Secondary result "com.fedrbodr.bil24.benchmark.ParserBenchmark.baseline:gc.alloc.rate":
  3230.093 ±(99.9%) 58.482 MB/sec [Average]
  (min, avg, max) = (3066.170, 3230.093, 3276.073), stdev = 54.704
  CI (99.9%): [3171.612, 3288.575] (assumes normal distribution)

Secondary result "com.fedrbodr.bil24.benchmark.ParserBenchmark.baseline:gc.alloc.rate.norm":
  5808.012 ±(99.9%) 0.001 B/op [Average]
  (min, avg, max) = (5808.012, 5808.012, 5808.012), stdev = 0.001
  CI (99.9%): [5808.012, 5808.012] (assumes normal distribution)

Secondary result "com.fedrbodr.bil24.benchmark.ParserBenchmark.baseline:gc.count":
  159.000 ±(99.9%) 0.001 counts [Sum]
  (min, avg, max) = (10.000, 10.600, 11.000), stdev = 0.507
  CI (99.9%): [159.000, 159.000] (assumes normal distribution)

Secondary result "com.fedrbodr.bil24.benchmark.ParserBenchmark.baseline:gc.time":
  148.000 ±(99.9%) 0.001 ms [Sum]
  (min, avg, max) = (9.000, 9.867, 15.000), stdev = 1.506
  CI (99.9%): [148.000, 148.000] (assumes normal distribution)


# JMH version: 1.37
# VM version: JDK 21.0.6, OpenJDK 64-Bit Server VM, 21.0.6+7-LTS
# VM invoker: /Users/d.fedorenko/Library/Java/JavaVirtualMachines/corretto-21.0.6/Contents/Home/bin/java
# VM options: -Xms512m -Xmx512m -XX:+UseG1GC
# Blackhole mode: compiler (auto-detected, use -Djmh.blackhole.autoDetect=false to disable)
# Warmup: 5 iterations, 1 s each
# Measurement: 5 iterations, 1 s each
# Timeout: 10 min per iteration
# Threads: 1 thread, will synchronize iterations
# Benchmark mode: Average time, time/op
# Benchmark: com.fedrbodr.bil24.benchmark.ParserBenchmark.baseline
# Parameters: (dataset = noSectorName)

# Run progress: 40.00% complete, ETA 00:01:31
# Fork: 1 of 3
# Warmup Iteration   1: 2483.804 ns/op
# Warmup Iteration   2: 1982.450 ns/op
# Warmup Iteration   3: 1988.609 ns/op
# Warmup Iteration   4: 2005.630 ns/op
# Warmup Iteration   5: 2019.759 ns/op
Iteration   1: 1993.621 ns/op
                 gc.alloc.rate:      2157.800 MB/sec
                 gc.alloc.rate.norm: 4512.014 B/op
                 gc.count:           7.000 counts
                 gc.time:            6.000 ms

Iteration   2: 2020.007 ns/op
                 gc.alloc.rate:      2129.942 MB/sec
                 gc.alloc.rate.norm: 4512.014 B/op
                 gc.count:           7.000 counts
                 gc.time:            12.000 ms

Iteration   3: 2003.646 ns/op
                 gc.alloc.rate:      2147.315 MB/sec
                 gc.alloc.rate.norm: 4512.014 B/op
                 gc.count:           8.000 counts
                 gc.time:            7.000 ms

Iteration   4: 2371.031 ns/op
                 gc.alloc.rate:      1814.391 MB/sec
                 gc.alloc.rate.norm: 4512.016 B/op
                 gc.count:           5.000 counts
                 gc.time:            10.000 ms

Iteration   5: 2161.601 ns/op
                 gc.alloc.rate:      1990.308 MB/sec
                 gc.alloc.rate.norm: 4512.015 B/op
                 gc.count:           7.000 counts
                 gc.time:            8.000 ms


# Run progress: 46.67% complete, ETA 00:01:21
# Fork: 2 of 3
# Warmup Iteration   1: 2511.735 ns/op
# Warmup Iteration   2: 2039.834 ns/op
# Warmup Iteration   3: 2009.363 ns/op
# Warmup Iteration   4: 2003.800 ns/op
# Warmup Iteration   5: 2001.406 ns/op
Iteration   1: 2044.024 ns/op
                 gc.alloc.rate:      2104.907 MB/sec
                 gc.alloc.rate.norm: 4512.014 B/op
                 gc.count:           7.000 counts
                 gc.time:            8.000 ms

Iteration   2: 1988.721 ns/op
                 gc.alloc.rate:      2163.430 MB/sec
                 gc.alloc.rate.norm: 4512.014 B/op
                 gc.count:           7.000 counts
                 gc.time:            7.000 ms

Iteration   3: 1996.521 ns/op
                 gc.alloc.rate:      2154.998 MB/sec
                 gc.alloc.rate.norm: 4512.014 B/op
                 gc.count:           7.000 counts
                 gc.time:            6.000 ms

Iteration   4: 1988.933 ns/op
                 gc.alloc.rate:      2163.185 MB/sec
                 gc.alloc.rate.norm: 4512.014 B/op
                 gc.count:           7.000 counts
                 gc.time:            6.000 ms

Iteration   5: 1988.925 ns/op
                 gc.alloc.rate:      2163.068 MB/sec
                 gc.alloc.rate.norm: 4512.014 B/op
                 gc.count:           7.000 counts
                 gc.time:            7.000 ms


# Run progress: 53.33% complete, ETA 00:01:11
# Fork: 3 of 3
# Warmup Iteration   1: 2869.484 ns/op
# Warmup Iteration   2: 2087.662 ns/op
# Warmup Iteration   3: 2024.614 ns/op
# Warmup Iteration   4: 2012.053 ns/op
# Warmup Iteration   5: 2011.068 ns/op
Iteration   1: 2021.906 ns/op
                 gc.alloc.rate:      2127.891 MB/sec
                 gc.alloc.rate.norm: 4512.014 B/op
                 gc.count:           7.000 counts
                 gc.time:            6.000 ms

Iteration   2: 2006.364 ns/op
                 gc.alloc.rate:      2144.430 MB/sec
                 gc.alloc.rate.norm: 4512.014 B/op
                 gc.count:           7.000 counts
                 gc.time:            6.000 ms

Iteration   3: 2016.805 ns/op
                 gc.alloc.rate:      2133.324 MB/sec
                 gc.alloc.rate.norm: 4512.014 B/op
                 gc.count:           7.000 counts
                 gc.time:            7.000 ms

Iteration   4: 2008.206 ns/op
                 gc.alloc.rate:      2142.378 MB/sec
                 gc.alloc.rate.norm: 4512.014 B/op
                 gc.count:           7.000 counts
                 gc.time:            6.000 ms

Iteration   5: 2028.942 ns/op
                 gc.alloc.rate:      2120.432 MB/sec
                 gc.alloc.rate.norm: 4512.014 B/op
                 gc.count:           7.000 counts
                 gc.time:            6.000 ms



Result "com.fedrbodr.bil24.benchmark.ParserBenchmark.baseline":
  2042.617 ±(99.9%) 107.295 ns/op [Average]
  (min, avg, max) = (1988.721, 2042.617, 2371.031), stdev = 100.364
  CI (99.9%): [1935.322, 2149.912] (assumes normal distribution)

Secondary result "com.fedrbodr.bil24.benchmark.ParserBenchmark.baseline:gc.alloc.rate":
  2110.520 ±(99.9%) 98.785 MB/sec [Average]
  (min, avg, max) = (1814.391, 2110.520, 2163.430), stdev = 92.404
  CI (99.9%): [2011.735, 2209.305] (assumes normal distribution)

Secondary result "com.fedrbodr.bil24.benchmark.ParserBenchmark.baseline:gc.alloc.rate.norm":
  4512.014 ±(99.9%) 0.001 B/op [Average]
  (min, avg, max) = (4512.014, 4512.014, 4512.016), stdev = 0.001
  CI (99.9%): [4512.013, 4512.015] (assumes normal distribution)

Secondary result "com.fedrbodr.bil24.benchmark.ParserBenchmark.baseline:gc.count":
  104.000 ±(99.9%) 0.001 counts [Sum]
  (min, avg, max) = (5.000, 6.933, 8.000), stdev = 0.594
  CI (99.9%): [104.000, 104.000] (assumes normal distribution)

Secondary result "com.fedrbodr.bil24.benchmark.ParserBenchmark.baseline:gc.time":
  108.000 ±(99.9%) 0.001 ms [Sum]
  (min, avg, max) = (6.000, 7.200, 12.000), stdev = 1.740
  CI (99.9%): [108.000, 108.000] (assumes normal distribution)


# JMH version: 1.37
# VM version: JDK 21.0.6, OpenJDK 64-Bit Server VM, 21.0.6+7-LTS
# VM invoker: /Users/d.fedorenko/Library/Java/JavaVirtualMachines/corretto-21.0.6/Contents/Home/bin/java
# VM options: -Xms512m -Xmx512m -XX:+UseG1GC
# Blackhole mode: compiler (auto-detected, use -Djmh.blackhole.autoDetect=false to disable)
# Warmup: 5 iterations, 1 s each
# Measurement: 5 iterations, 1 s each
# Timeout: 10 min per iteration
# Threads: 1 thread, will synchronize iterations
# Benchmark mode: Average time, time/op
# Benchmark: com.fedrbodr.bil24.benchmark.ParserBenchmark.baseline
# Parameters: (dataset = invalid)

# Run progress: 60.00% complete, ETA 00:01:01
# Fork: 1 of 3
# Warmup Iteration   1: 5428.319 ns/op
# Warmup Iteration   2: 4980.812 ns/op
# Warmup Iteration   3: 4974.231 ns/op
# Warmup Iteration   4: 4942.993 ns/op
# Warmup Iteration   5: 4981.455 ns/op
Iteration   1: 4932.995 ns/op
                 gc.alloc.rate:      725.266 MB/sec
                 gc.alloc.rate.norm: 3752.034 B/op
                 gc.count:           2.000 counts
                 gc.time:            2.000 ms

Iteration   2: 4992.158 ns/op
                 gc.alloc.rate:      716.661 MB/sec
                 gc.alloc.rate.norm: 3752.034 B/op
                 gc.count:           3.000 counts
                 gc.time:            3.000 ms

Iteration   3: 4941.845 ns/op
                 gc.alloc.rate:      723.964 MB/sec
                 gc.alloc.rate.norm: 3752.034 B/op
                 gc.count:           2.000 counts
                 gc.time:            2.000 ms

Iteration   4: 4961.439 ns/op
                 gc.alloc.rate:      721.083 MB/sec
                 gc.alloc.rate.norm: 3752.034 B/op
                 gc.count:           3.000 counts
                 gc.time:            3.000 ms

Iteration   5: 4947.701 ns/op
                 gc.alloc.rate:      723.079 MB/sec
                 gc.alloc.rate.norm: 3752.034 B/op
                 gc.count:           2.000 counts
                 gc.time:            1.000 ms


# Run progress: 66.67% complete, ETA 00:00:50
# Fork: 2 of 3
# Warmup Iteration   1: 5398.790 ns/op
# Warmup Iteration   2: 4947.123 ns/op
# Warmup Iteration   3: 5057.257 ns/op
# Warmup Iteration   4: 5015.959 ns/op
# Warmup Iteration   5: 4946.359 ns/op
Iteration   1: 4945.175 ns/op
                 gc.alloc.rate:      723.491 MB/sec
                 gc.alloc.rate.norm: 3752.034 B/op
                 gc.count:           2.000 counts
                 gc.time:            2.000 ms

Iteration   2: 4943.601 ns/op
                 gc.alloc.rate:      723.699 MB/sec
                 gc.alloc.rate.norm: 3752.034 B/op
                 gc.count:           3.000 counts
                 gc.time:            3.000 ms

Iteration   3: 4937.368 ns/op
                 gc.alloc.rate:      724.633 MB/sec
                 gc.alloc.rate.norm: 3752.034 B/op
                 gc.count:           2.000 counts
                 gc.time:            1.000 ms

Iteration   4: 4942.461 ns/op
                 gc.alloc.rate:      723.182 MB/sec
                 gc.alloc.rate.norm: 3752.034 B/op
                 gc.count:           3.000 counts
                 gc.time:            3.000 ms

Iteration   5: 4945.094 ns/op
                 gc.alloc.rate:      723.455 MB/sec
                 gc.alloc.rate.norm: 3752.034 B/op
                 gc.count:           2.000 counts
                 gc.time:            2.000 ms


# Run progress: 73.33% complete, ETA 00:00:40
# Fork: 3 of 3
# Warmup Iteration   1: 5563.343 ns/op
# Warmup Iteration   2: 4974.730 ns/op
# Warmup Iteration   3: 4947.994 ns/op
# Warmup Iteration   4: 4923.063 ns/op
# Warmup Iteration   5: 4937.231 ns/op
Iteration   1: 4900.040 ns/op
                 gc.alloc.rate:      730.138 MB/sec
                 gc.alloc.rate.norm: 3752.034 B/op
                 gc.count:           2.000 counts
                 gc.time:            2.000 ms

Iteration   2: 4913.816 ns/op
                 gc.alloc.rate:      728.086 MB/sec
                 gc.alloc.rate.norm: 3752.034 B/op
                 gc.count:           3.000 counts
                 gc.time:            3.000 ms

Iteration   3: 4910.491 ns/op
                 gc.alloc.rate:      728.575 MB/sec
                 gc.alloc.rate.norm: 3752.034 B/op
                 gc.count:           2.000 counts
                 gc.time:            2.000 ms

Iteration   4: 4916.217 ns/op
                 gc.alloc.rate:      727.724 MB/sec
                 gc.alloc.rate.norm: 3752.034 B/op
                 gc.count:           3.000 counts
                 gc.time:            3.000 ms

Iteration   5: 4910.780 ns/op
                 gc.alloc.rate:      728.532 MB/sec
                 gc.alloc.rate.norm: 3752.034 B/op
                 gc.count:           2.000 counts
                 gc.time:            2.000 ms



Result "com.fedrbodr.bil24.benchmark.ParserBenchmark.baseline":
  4936.079 ±(99.9%) 25.092 ns/op [Average]
  (min, avg, max) = (4900.040, 4936.079, 4992.158), stdev = 23.471
  CI (99.9%): [4910.987, 4961.171] (assumes normal distribution)

Secondary result "com.fedrbodr.bil24.benchmark.ParserBenchmark.baseline:gc.alloc.rate":
  724.771 ±(99.9%) 3.696 MB/sec [Average]
  (min, avg, max) = (716.661, 724.771, 730.138), stdev = 3.457
  CI (99.9%): [721.075, 728.467] (assumes normal distribution)

Secondary result "com.fedrbodr.bil24.benchmark.ParserBenchmark.baseline:gc.alloc.rate.norm":
  3752.034 ±(99.9%) 0.001 B/op [Average]
  (min, avg, max) = (3752.034, 3752.034, 3752.034), stdev = 0.001
  CI (99.9%): [3752.034, 3752.034] (assumes normal distribution)

Secondary result "com.fedrbodr.bil24.benchmark.ParserBenchmark.baseline:gc.count":
  36.000 ±(99.9%) 0.001 counts [Sum]
  (min, avg, max) = (2.000, 2.400, 3.000), stdev = 0.507
  CI (99.9%): [36.000, 36.000] (assumes normal distribution)

Secondary result "com.fedrbodr.bil24.benchmark.ParserBenchmark.baseline:gc.time":
  34.000 ±(99.9%) 0.001 ms [Sum]
  (min, avg, max) = (1.000, 2.267, 3.000), stdev = 0.704
  CI (99.9%): [34.000, 34.000] (assumes normal distribution)


# JMH version: 1.37
# VM version: JDK 21.0.6, OpenJDK 64-Bit Server VM, 21.0.6+7-LTS
# VM invoker: /Users/d.fedorenko/Library/Java/JavaVirtualMachines/corretto-21.0.6/Contents/Home/bin/java
# VM options: -Xms512m -Xmx512m -XX:+UseG1GC
# Blackhole mode: compiler (auto-detected, use -Djmh.blackhole.autoDetect=false to disable)
# Warmup: 5 iterations, 1 s each
# Measurement: 5 iterations, 1 s each
# Timeout: 10 min per iteration
# Threads: 1 thread, will synchronize iterations
# Benchmark mode: Average time, time/op
# Benchmark: com.fedrbodr.bil24.benchmark.ParserBenchmark.baseline
# Parameters: (dataset = repeatedMarkers)

# Run progress: 80.00% complete, ETA 00:00:30
# Fork: 1 of 3
# Warmup Iteration   1: 1704.929 ns/op
# Warmup Iteration   2: 1378.853 ns/op
# Warmup Iteration   3: 1372.515 ns/op
# Warmup Iteration   4: 1395.657 ns/op
# Warmup Iteration   5: 1366.892 ns/op
Iteration   1: 1367.679 ns/op
                 gc.alloc.rate:      3173.603 MB/sec
                 gc.alloc.rate.norm: 4552.009 B/op
                 gc.count:           11.000 counts
                 gc.time:            10.000 ms

Iteration   2: 1372.488 ns/op
                 gc.alloc.rate:      3162.600 MB/sec
                 gc.alloc.rate.norm: 4552.009 B/op
                 gc.count:           10.000 counts
                 gc.time:            10.000 ms

Iteration   3: 1371.190 ns/op
                 gc.alloc.rate:      3165.583 MB/sec
                 gc.alloc.rate.norm: 4552.009 B/op
                 gc.count:           10.000 counts
                 gc.time:            8.000 ms

Iteration   4: 1438.744 ns/op
                 gc.alloc.rate:      3016.873 MB/sec
                 gc.alloc.rate.norm: 4552.010 B/op
                 gc.count:           10.000 counts
                 gc.time:            10.000 ms

Iteration   5: 1377.960 ns/op
                 gc.alloc.rate:      3149.918 MB/sec
                 gc.alloc.rate.norm: 4552.009 B/op
                 gc.count:           11.000 counts
                 gc.time:            10.000 ms


# Run progress: 86.67% complete, ETA 00:00:20
# Fork: 2 of 3
# Warmup Iteration   1: 1687.017 ns/op
# Warmup Iteration   2: 1569.202 ns/op
# Warmup Iteration   3: 1419.939 ns/op
# Warmup Iteration   4: 1379.667 ns/op
# Warmup Iteration   5: 1375.602 ns/op
Iteration   1: 1346.752 ns/op
                 gc.alloc.rate:      3222.968 MB/sec
                 gc.alloc.rate.norm: 4552.009 B/op
                 gc.count:           10.000 counts
                 gc.time:            9.000 ms

Iteration   2: 1355.803 ns/op
                 gc.alloc.rate:      3201.475 MB/sec
                 gc.alloc.rate.norm: 4552.009 B/op
                 gc.count:           11.000 counts
                 gc.time:            9.000 ms

Iteration   3: 1363.905 ns/op
                 gc.alloc.rate:      3182.448 MB/sec
                 gc.alloc.rate.norm: 4552.009 B/op
                 gc.count:           10.000 counts
                 gc.time:            11.000 ms

Iteration   4: 1351.875 ns/op
                 gc.alloc.rate:      3210.741 MB/sec
                 gc.alloc.rate.norm: 4552.009 B/op
                 gc.count:           11.000 counts
                 gc.time:            9.000 ms

Iteration   5: 1355.241 ns/op
                 gc.alloc.rate:      3202.514 MB/sec
                 gc.alloc.rate.norm: 4552.009 B/op
                 gc.count:           10.000 counts
                 gc.time:            8.000 ms


# Run progress: 93.33% complete, ETA 00:00:10
# Fork: 3 of 3
# Warmup Iteration   1: 1686.579 ns/op
# Warmup Iteration   2: 1386.645 ns/op
# Warmup Iteration   3: 1346.173 ns/op
# Warmup Iteration   4: 1346.322 ns/op
# Warmup Iteration   5: 1357.479 ns/op
Iteration   1: 1347.125 ns/op
                 gc.alloc.rate:      3222.136 MB/sec
                 gc.alloc.rate.norm: 4552.009 B/op
                 gc.count:           10.000 counts
                 gc.time:            9.000 ms

Iteration   2: 1345.248 ns/op
                 gc.alloc.rate:      3226.544 MB/sec
                 gc.alloc.rate.norm: 4552.009 B/op
                 gc.count:           11.000 counts
                 gc.time:            9.000 ms

Iteration   3: 1340.169 ns/op
                 gc.alloc.rate:      3238.898 MB/sec
                 gc.alloc.rate.norm: 4552.009 B/op
                 gc.count:           11.000 counts
                 gc.time:            9.000 ms

Iteration   4: 1347.191 ns/op
                 gc.alloc.rate:      3221.958 MB/sec
                 gc.alloc.rate.norm: 4552.009 B/op
                 gc.count:           10.000 counts
                 gc.time:            9.000 ms

Iteration   5: 1350.381 ns/op
                 gc.alloc.rate:      3214.219 MB/sec
                 gc.alloc.rate.norm: 4552.009 B/op
                 gc.count:           11.000 counts
                 gc.time:            9.000 ms



Result "com.fedrbodr.bil24.benchmark.ParserBenchmark.baseline":
  1362.117 ±(99.9%) 25.757 ns/op [Average]
  (min, avg, max) = (1340.169, 1362.117, 1438.744), stdev = 24.093
  CI (99.9%): [1336.360, 1387.873] (assumes normal distribution)

Secondary result "com.fedrbodr.bil24.benchmark.ParserBenchmark.baseline:gc.alloc.rate":
  3187.499 ±(99.9%) 58.087 MB/sec [Average]
  (min, avg, max) = (3016.873, 3187.499, 3238.898), stdev = 54.334
  CI (99.9%): [3129.412, 3245.585] (assumes normal distribution)

Secondary result "com.fedrbodr.bil24.benchmark.ParserBenchmark.baseline:gc.alloc.rate.norm":
  4552.009 ±(99.9%) 0.001 B/op [Average]
  (min, avg, max) = (4552.009, 4552.009, 4552.010), stdev = 0.001
  CI (99.9%): [4552.009, 4552.010] (assumes normal distribution)

Secondary result "com.fedrbodr.bil24.benchmark.ParserBenchmark.baseline:gc.count":
  157.000 ±(99.9%) 0.001 counts [Sum]
  (min, avg, max) = (10.000, 10.467, 11.000), stdev = 0.516
  CI (99.9%): [157.000, 157.000] (assumes normal distribution)

Secondary result "com.fedrbodr.bil24.benchmark.ParserBenchmark.baseline:gc.time":
  139.000 ±(99.9%) 0.001 ms [Sum]
  (min, avg, max) = (8.000, 9.267, 11.000), stdev = 0.799
  CI (99.9%): [139.000, 139.000] (assumes normal distribution)


# Run complete. Total time: 00:02:32

REMEMBER: The numbers below are just data. To gain reusable insights, you need to follow up on
why the numbers are the way they are. Use profilers (see -prof, -lprof), design factorial
experiments, perform baseline and negative tests that provide experimental control, make sure
the benchmarking environment is safe on JVM/OS/HW level, ask for reviews from the domain experts.
Do not assume the numbers tell you what you want them to tell.

NOTE: Current JVM experimentally supports Compiler Blackholes, and they are in use. Please exercise
extra caution when trusting the results, look into the generated code to check the benchmark still
works, and factor in a small probability of new VM bugs. Additionally, while comparisons between
different JVMs are already problematic, the performance difference caused by different Blackhole
modes can be very significant. Please make sure you use the consistent Blackhole mode for comparisons.

Benchmark                                          (dataset)  Mode  Cnt     Score     Error   Units
ParserBenchmark.baseline                               latin  avgt   15  1414.461 ±  20.111   ns/op
ParserBenchmark.baseline:gc.alloc.rate                 latin  avgt   15  3042.181 ±  43.012  MB/sec
ParserBenchmark.baseline:gc.alloc.rate.norm            latin  avgt   15  4512.010 ±   0.001    B/op
ParserBenchmark.baseline:gc.count                      latin  avgt   15   151.000            counts
ParserBenchmark.baseline:gc.time                       latin  avgt   15   138.000                ms
ParserBenchmark.baseline                            cyrillic  avgt   15  1715.000 ±  32.050   ns/op
ParserBenchmark.baseline:gc.alloc.rate              cyrillic  avgt   15  3230.093 ±  58.482  MB/sec
ParserBenchmark.baseline:gc.alloc.rate.norm         cyrillic  avgt   15  5808.012 ±   0.001    B/op
ParserBenchmark.baseline:gc.count                   cyrillic  avgt   15   159.000            counts
ParserBenchmark.baseline:gc.time                    cyrillic  avgt   15   148.000                ms
ParserBenchmark.baseline                        noSectorName  avgt   15  2042.617 ± 107.295   ns/op
ParserBenchmark.baseline:gc.alloc.rate          noSectorName  avgt   15  2110.520 ±  98.785  MB/sec
ParserBenchmark.baseline:gc.alloc.rate.norm     noSectorName  avgt   15  4512.014 ±   0.001    B/op
ParserBenchmark.baseline:gc.count               noSectorName  avgt   15   104.000            counts
ParserBenchmark.baseline:gc.time                noSectorName  avgt   15   108.000                ms
ParserBenchmark.baseline                             invalid  avgt   15  4936.079 ±  25.092   ns/op
ParserBenchmark.baseline:gc.alloc.rate               invalid  avgt   15   724.771 ±   3.696  MB/sec
ParserBenchmark.baseline:gc.alloc.rate.norm          invalid  avgt   15  3752.034 ±   0.001    B/op
ParserBenchmark.baseline:gc.count                    invalid  avgt   15    36.000            counts
ParserBenchmark.baseline:gc.time                     invalid  avgt   15    34.000                ms
ParserBenchmark.baseline                     repeatedMarkers  avgt   15  1362.117 ±  25.757   ns/op
ParserBenchmark.baseline:gc.alloc.rate       repeatedMarkers  avgt   15  3187.499 ±  58.087  MB/sec
ParserBenchmark.baseline:gc.alloc.rate.norm  repeatedMarkers  avgt   15  4552.009 ±   0.001    B/op
ParserBenchmark.baseline:gc.count            repeatedMarkers  avgt   15   157.000            counts
ParserBenchmark.baseline:gc.time             repeatedMarkers  avgt   15   139.000                ms

Benchmark result is saved to docs/results/baseline-initial/parser-time.json
